=== 0.5B with_thoughts start Sunday 04 October 2026 08:30:32 AM IST
Warning: You are sending unauthenticated requests to the HF Hub. Please set a HF_TOKEN to enable higher rate limits and faster downloads.
[transformers] `torch_dtype` is deprecated! Use `dtype` instead!
trainable params: 17,596,416 || all params: 511,629,184 || trainable%: 3.4393
{'loss': '1.787', 'grad_norm': '3.324', 'learning_rate': '1.698e-05', 'epoch': '0.008501'}
{'loss': '1.5', 'grad_norm': '1.908', 'learning_rate': '3.585e-05', 'epoch': '0.017'}
{'loss': '1.348', 'grad_norm': '1.903', 'learning_rate': '5.472e-05', 'epoch': '0.0255'}
{'loss': '1.257', 'grad_norm': '1.667', 'learning_rate': '7.358e-05', 'epoch': '0.034'}
{'loss': '1.214', 'grad_norm': '1.625', 'learning_rate': '9.245e-05', 'epoch': '0.04251'}
{'loss': '1.169', 'grad_norm': '2.004', 'learning_rate': '0.0001113', 'epoch': '0.05101'}
{'loss': '1.151', 'grad_norm': '1.596', 'learning_rate': '0.0001302', 'epoch': '0.05951'}
{'loss': '1.148', 'grad_norm': '1.467', 'learning_rate': '0.0001491', 'epoch': '0.06801'}
{'loss': '1.131', 'grad_norm': '1.429', 'learning_rate': '0.0001679', 'epoch': '0.07651'}
{'loss': '1.116', 'grad_norm': '1.396', 'learning_rate': '0.0001868', 'epoch': '0.08501'}
{'loss': '1.144', 'grad_norm': '1.339', 'learning_rate': '0.0002', 'epoch': '0.09351'}
{'loss': '1.121', 'grad_norm': '1.349', 'learning_rate': '0.0002', 'epoch': '0.102'}
{'loss': '1.093', 'grad_norm': '1.265', 'learning_rate': '0.0002', 'epoch': '0.1105'}
{'loss': '1.095', 'grad_norm': '1.183', 'learning_rate': '0.0002', 'epoch': '0.119'}
{'loss': '1.108', 'grad_norm': '1.244', 'learning_rate': '0.0001999', 'epoch': '0.1275'}
{'loss': '1.081', 'grad_norm': '1.308', 'learning_rate': '0.0001999', 'epoch': '0.136'}
{'loss': '1.057', 'grad_norm': '1.161', 'learning_rate': '0.0001998', 'epoch': '0.1445'}
{'loss': '1.052', 'grad_norm': '1.163', 'learning_rate': '0.0001998', 'epoch': '0.153'}
{'loss': '1.065', 'grad_norm': '1.247', 'learning_rate': '0.0001997', 'epoch': '0.1615'}
{'loss': '1.059', 'grad_norm': '1.125', 'learning_rate': '0.0001996', 'epoch': '0.17'}
{'loss': '1.04', 'grad_norm': '1.098', 'learning_rate': '0.0001996', 'epoch': '0.1785'}
{'loss': '1.071', 'grad_norm': '1.12', 'learning_rate': '0.0001995', 'epoch': '0.187'}
{'loss': '1.035', 'grad_norm': '1.047', 'learning_rate': '0.0001994', 'epoch': '0.1955'}
{'loss': '1.023', 'grad_norm': '1.121', 'learning_rate': '0.0001993', 'epoch': '0.204'}
{'loss': '1.018', 'grad_norm': '1.11', 'learning_rate': '0.0001991', 'epoch': '0.2125'}
{'loss': '1.015', 'grad_norm': '1.04', 'learning_rate': '0.000199', 'epoch': '0.221'}
{'loss': '0.9887', 'grad_norm': '1.105', 'learning_rate': '0.0001989', 'epoch': '0.2295'}
{'loss': '1.027', 'grad_norm': '1.013', 'learning_rate': '0.0001987', 'epoch': '0.238'}
{'loss': '1.02', 'grad_norm': '1.11', 'learning_rate': '0.0001986', 'epoch': '0.2465'}
{'loss': '1.007', 'grad_norm': '1.078', 'learning_rate': '0.0001984', 'epoch': '0.255'}
{'loss': '0.9697', 'grad_norm': '1.107', 'learning_rate': '0.0001983', 'epoch': '0.2635'}
{'loss': '0.9799', 'grad_norm': '1.109', 'learning_rate': '0.0001981', 'epoch': '0.272'}
{'loss': '0.9969', 'grad_norm': '0.9874', 'learning_rate': '0.0001979', 'epoch': '0.2805'}
{'loss': '0.9787', 'grad_norm': '1.196', 'learning_rate': '0.0001977', 'epoch': '0.289'}
{'loss': '0.9907', 'grad_norm': '1.082', 'learning_rate': '0.0001975', 'epoch': '0.2975'}
{'loss': '0.9668', 'grad_norm': '1.107', 'learning_rate': '0.0001973', 'epoch': '0.306'}
{'loss': '0.9975', 'grad_norm': '1.123', 'learning_rate': '0.0001971', 'epoch': '0.3145'}
{'loss': '0.9713', 'grad_norm': '1.052', 'learning_rate': '0.0001969', 'epoch': '0.323'}
{'loss': '0.9805', 'grad_norm': '1.035', 'learning_rate': '0.0001966', 'epoch': '0.3315'}
{'loss': '0.9835', 'grad_norm': '1.017', 'learning_rate': '0.0001964', 'epoch': '0.34'}
{'loss': '0.9542', 'grad_norm': '1.038', 'learning_rate': '0.0001962', 'epoch': '0.3485'}
{'loss': '0.9759', 'grad_norm': '1.031', 'learning_rate': '0.0001959', 'epoch': '0.357'}
{'loss': '0.9724', 'grad_norm': '1.088', 'learning_rate': '0.0001956', 'epoch': '0.3655'}
{'loss': '0.9665', 'grad_norm': '1.006', 'learning_rate': '0.0001954', 'epoch': '0.3741'}
{'loss': '0.9542', 'grad_norm': '1.062', 'learning_rate': '0.0001951', 'epoch': '0.3826'}
{'loss': '0.9783', 'grad_norm': '1.038', 'learning_rate': '0.0001948', 'epoch': '0.3911'}
{'loss': '0.9701', 'grad_norm': '1.046', 'learning_rate': '0.0001945', 'epoch': '0.3996'}
{'loss': '0.94', 'grad_norm': '1.038', 'learning_rate': '0.0001942', 'epoch': '0.4081'}
{'loss': '0.9474', 'grad_norm': '0.9865', 'learning_rate': '0.0001939', 'epoch': '0.4166'}
{'loss': '0.9883', 'grad_norm': '1.158', 'learning_rate': '0.0001936', 'epoch': '0.4251'}
{'loss': '0.9619', 'grad_norm': '1.027', 'learning_rate': '0.0001932', 'epoch': '0.4336'}
{'loss': '0.9601', 'grad_norm': '1.032', 'learning_rate': '0.0001929', 'epoch': '0.4421'}
{'loss': '0.9631', 'grad_norm': '0.9997', 'learning_rate': '0.0001926', 'epoch': '0.4506'}
{'loss': '0.9547', 'grad_norm': '0.9832', 'learning_rate': '0.0001922', 'epoch': '0.4591'}
{'loss': '0.9402', 'grad_norm': '1.014', 'learning_rate': '0.0001919', 'epoch': '0.4676'}
{'loss': '0.9366', 'grad_norm': '1.073', 'learning_rate': '0.0001915', 'epoch': '0.4761'}
{'loss': '0.9278', 'grad_norm': '1.037', 'learning_rate': '0.0001911', 'epoch': '0.4846'}
{'loss': '0.9349', 'grad_norm': '1.063', 'learning_rate': '0.0001907', 'epoch': '0.4931'}
{'loss': '0.9313', 'grad_norm': '1.036', 'learning_rate': '0.0001903', 'epoch': '0.5016'}
{'loss': '0.9333', 'grad_norm': '0.9683', 'learning_rate': '0.0001899', 'epoch': '0.5101'}
{'loss': '0.9296', 'grad_norm': '1.02', 'learning_rate': '0.0001895', 'epoch': '0.5186'}
{'loss': '0.9234', 'grad_norm': '1.048', 'learning_rate': '0.0001891', 'epoch': '0.5271'}
{'loss': '0.9197', 'grad_norm': '1.096', 'learning_rate': '0.0001887', 'epoch': '0.5356'}
{'loss': '0.9332', 'grad_norm': '1.034', 'learning_rate': '0.0001883', 'epoch': '0.5441'}
{'loss': '0.9398', 'grad_norm': '0.9766', 'learning_rate': '0.0001879', 'epoch': '0.5526'}
{'loss': '0.923', 'grad_norm': '0.9779', 'learning_rate': '0.0001874', 'epoch': '0.5611'}
{'loss': '0.9401', 'grad_norm': '1.142', 'learning_rate': '0.000187', 'epoch': '0.5696'}
{'loss': '0.9346', 'grad_norm': '1.022', 'learning_rate': '0.0001865', 'epoch': '0.5781'}
{'loss': '0.9087', 'grad_norm': '0.9975', 'learning_rate': '0.000186', 'epoch': '0.5866'}
{'loss': '0.9322', 'grad_norm': '0.9964', 'learning_rate': '0.0001856', 'epoch': '0.5951'}
{'loss': '0.9312', 'grad_norm': '1.051', 'learning_rate': '0.0001851', 'epoch': '0.6036'}
{'loss': '0.9294', 'grad_norm': '0.9718', 'learning_rate': '0.0001846', 'epoch': '0.6121'}
{'loss': '0.9398', 'grad_norm': '1.017', 'learning_rate': '0.0001841', 'epoch': '0.6206'}
{'loss': '0.9421', 'grad_norm': '1.008', 'learning_rate': '0.0001836', 'epoch': '0.6291'}
{'loss': '0.9036', 'grad_norm': '1.043', 'learning_rate': '0.0001831', 'epoch': '0.6376'}
{'loss': '0.9164', 'grad_norm': '1.006', 'learning_rate': '0.0001826', 'epoch': '0.6461'}
{'loss': '0.9203', 'grad_norm': '1.118', 'learning_rate': '0.0001821', 'epoch': '0.6546'}
{'loss': '0.9095', 'grad_norm': '1.038', 'learning_rate': '0.0001815', 'epoch': '0.6631'}
{'loss': '0.9103', 'grad_norm': '1.031', 'learning_rate': '0.000181', 'epoch': '0.6716'}
{'loss': '0.9061', 'grad_norm': '1.049', 'learning_rate': '0.0001805', 'epoch': '0.6801'}
{'loss': '0.93', 'grad_norm': '1.021', 'learning_rate': '0.0001799', 'epoch': '0.6886'}
{'loss': '0.9195', 'grad_norm': '1.038', 'learning_rate': '0.0001794', 'epoch': '0.6971'}
{'loss': '0.9162', 'grad_norm': '1.001', 'learning_rate': '0.0001788', 'epoch': '0.7056'}
{'loss': '0.9183', 'grad_norm': '1.004', 'learning_rate': '0.0001782', 'epoch': '0.7141'}
{'loss': '0.9102', 'grad_norm': '0.9744', 'learning_rate': '0.0001777', 'epoch': '0.7226'}
{'loss': '0.9066', 'grad_norm': '1.074', 'learning_rate': '0.0001771', 'epoch': '0.7311'}
{'loss': '0.9453', 'grad_norm': '0.9479', 'learning_rate': '0.0001765', 'epoch': '0.7396'}
{'loss': '0.9223', 'grad_norm': '1.041', 'learning_rate': '0.0001759', 'epoch': '0.7481'}
{'loss': '0.9126', 'grad_norm': '1.039', 'learning_rate': '0.0001753', 'epoch': '0.7566'}
{'loss': '0.9086', 'grad_norm': '1.012', 'learning_rate': '0.0001747', 'epoch': '0.7651'}
{'loss': '0.94', 'grad_norm': '1.07', 'learning_rate': '0.0001741', 'epoch': '0.7736'}
{'loss': '0.917', 'grad_norm': '1.058', 'learning_rate': '0.0001735', 'epoch': '0.7821'}
{'loss': '0.907', 'grad_norm': '1.03', 'learning_rate': '0.0001728', 'epoch': '0.7906'}
{'loss': '0.9007', 'grad_norm': '0.9896', 'learning_rate': '0.0001722', 'epoch': '0.7991'}
{'loss': '0.9054', 'grad_norm': '1.025', 'learning_rate': '0.0001716', 'epoch': '0.8076'}
{'loss': '0.9028', 'grad_norm': '0.9631', 'learning_rate': '0.0001709', 'epoch': '0.8161'}
{'loss': '0.8848', 'grad_norm': '0.9753', 'learning_rate': '0.0001703', 'epoch': '0.8246'}
{'loss': '0.9174', 'grad_norm': '1.008', 'learning_rate': '0.0001696', 'epoch': '0.8331'}
{'loss': '0.8874', 'grad_norm': '0.9384', 'learning_rate': '0.000169', 'epoch': '0.8416'}
{'loss': '0.8948', 'grad_norm': '0.9841', 'learning_rate': '0.0001683', 'epoch': '0.8501'}
{'loss': '0.9055', 'grad_norm': '0.9956', 'learning_rate': '0.0001676', 'epoch': '0.8586'}
{'loss': '0.9004', 'grad_norm': '1.046', 'learning_rate': '0.0001669', 'epoch': '0.8671'}
{'loss': '0.8736', 'grad_norm': '0.984', 'learning_rate': '0.0001663', 'epoch': '0.8756'}
{'loss': '0.8974', 'grad_norm': '1.05', 'learning_rate': '0.0001656', 'epoch': '0.8841'}
{'loss': '0.8815', 'grad_norm': '0.9791', 'learning_rate': '0.0001649', 'epoch': '0.8926'}
{'loss': '0.8662', 'grad_norm': '0.9671', 'learning_rate': '0.0001642', 'epoch': '0.9011'}
{'loss': '0.8784', 'grad_norm': '0.98', 'learning_rate': '0.0001635', 'epoch': '0.9096'}
{'loss': '0.8695', 'grad_norm': '0.9891', 'learning_rate': '0.0001627', 'epoch': '0.9181'}
{'loss': '0.869', 'grad_norm': '1.073', 'learning_rate': '0.000162', 'epoch': '0.9266'}
{'loss': '0.8626', 'grad_norm': '1.047', 'learning_rate': '0.0001613', 'epoch': '0.9351'}
{'loss': '0.8718', 'grad_norm': '0.9914', 'learning_rate': '0.0001606', 'epoch': '0.9436'}
{'loss': '0.8924', 'grad_norm': '1.067', 'learning_rate': '0.0001598', 'epoch': '0.9521'}
{'loss': '0.8902', 'grad_norm': '1.017', 'learning_rate': '0.0001591', 'epoch': '0.9606'}
{'loss': '0.8781', 'grad_norm': '0.9976', 'learning_rate': '0.0001584', 'epoch': '0.9691'}
{'loss': '0.888', 'grad_norm': '0.9372', 'learning_rate': '0.0001576', 'epoch': '0.9776'}
{'loss': '0.8844', 'grad_norm': '1.025', 'learning_rate': '0.0001569', 'epoch': '0.9861'}
{'loss': '0.8739', 'grad_norm': '1.013', 'learning_rate': '0.0001561', 'epoch': '0.9946'}
[A
                                                   [A
{'eval_loss': '0.8929', 'eval_runtime': '139', 'eval_samples_per_second': '18.76', 'eval_steps_per_second': '18.76', 'epoch': '1'}
{'loss': '0.825', 'grad_norm': '0.9476', 'learning_rate': '0.0001554', 'epoch': '1.003'}
{'loss': '0.7582', 'grad_norm': '1.086', 'learning_rate': '0.0001546', 'epoch': '1.011'}
{'loss': '0.7468', 'grad_norm': '1.019', 'learning_rate': '0.0001538', 'epoch': '1.02'}
{'loss': '0.7568', 'grad_norm': '1.037', 'learning_rate': '0.000153', 'epoch': '1.028'}
{'loss': '0.7357', 'grad_norm': '1.009', 'learning_rate': '0.0001523', 'epoch': '1.037'}
{'loss': '0.7511', 'grad_norm': '1.036', 'learning_rate': '0.0001515', 'epoch': '1.045'}
{'loss': '0.7693', 'grad_norm': '1.092', 'learning_rate': '0.0001507', 'epoch': '1.054'}
{'loss': '0.7253', 'grad_norm': '1.047', 'learning_rate': '0.0001499', 'epoch': '1.062'}
{'loss': '0.7642', 'grad_norm': '1.057', 'learning_rate': '0.0001491', 'epoch': '1.071'}
{'loss': '0.7575', 'grad_norm': '1.136', 'learning_rate': '0.0001483', 'epoch': '1.079'}
{'loss': '0.7489', 'grad_norm': '1.071', 'learning_rate': '0.0001475', 'epoch': '1.088'}
{'loss': '0.7502', 'grad_norm': '1.068', 'learning_rate': '0.0001467', 'epoch': '1.096'}
{'loss': '0.7508', 'grad_norm': '1.034', 'learning_rate': '0.0001459', 'epoch': '1.105'}
{'loss': '0.747', 'grad_norm': '1.072', 'learning_rate': '0.0001451', 'epoch': '1.113'}
{'loss': '0.7463', 'grad_norm': '1.059', 'learning_rate': '0.0001442', 'epoch': '1.122'}
{'loss': '0.7577', 'grad_norm': '1.013', 'learning_rate': '0.0001434', 'epoch': '1.13'}
{'loss': '0.7593', 'grad_norm': '1.061', 'learning_rate': '0.0001426', 'epoch': '1.139'}
{'loss': '0.7165', 'grad_norm': '1.065', 'learning_rate': '0.0001417', 'epoch': '1.147'}
{'loss': '0.7472', 'grad_norm': '1.092', 'learning_rate': '0.0001409', 'epoch': '1.156'}
{'loss': '0.7245', 'grad_norm': '1.172', 'learning_rate': '0.0001401', 'epoch': '1.164'}
{'loss': '0.7385', 'grad_norm': '1.097', 'learning_rate': '0.0001392', 'epoch': '1.173'}
{'loss': '0.7442', 'grad_norm': '1.126', 'learning_rate': '0.0001384', 'epoch': '1.181'}
{'loss': '0.7481', 'grad_norm': '1.104', 'learning_rate': '0.0001375', 'epoch': '1.19'}
{'loss': '0.7344', 'grad_norm': '1.139', 'learning_rate': '0.0001367', 'epoch': '1.198'}
{'loss': '0.7483', 'grad_norm': '1.1', 'learning_rate': '0.0001358', 'epoch': '1.207'}
{'loss': '0.74', 'grad_norm': '1.078', 'learning_rate': '0.000135', 'epoch': '1.215'}
{'loss': '0.7356', 'grad_norm': '1.053', 'learning_rate': '0.0001341', 'epoch': '1.224'}
{'loss': '0.7497', 'grad_norm': '1.155', 'learning_rate': '0.0001332', 'epoch': '1.232'}
{'loss': '0.7431', 'grad_norm': '1.042', 'learning_rate': '0.0001324', 'epoch': '1.241'}
{'loss': '0.7469', 'grad_norm': '1.097', 'learning_rate': '0.0001315', 'epoch': '1.249'}
{'loss': '0.7543', 'grad_norm': '1.07', 'learning_rate': '0.0001306', 'epoch': '1.258'}
{'loss': '0.7498', 'grad_norm': '1.1', 'learning_rate': '0.0001298', 'epoch': '1.266'}
{'loss': '0.7443', 'grad_norm': '1.212', 'learning_rate': '0.0001289', 'epoch': '1.275'}
{'loss': '0.7547', 'grad_norm': '1.129', 'learning_rate': '0.000128', 'epoch': '1.283'}
{'loss': '0.7459', 'grad_norm': '1.023', 'learning_rate': '0.0001271', 'epoch': '1.292'}
{'loss': '0.7174', 'grad_norm': '1.084', 'learning_rate': '0.0001262', 'epoch': '1.3'}
{'loss': '0.7368', 'grad_norm': '1.119', 'learning_rate': '0.0001254', 'epoch': '1.309'}
{'loss': '0.7189', 'grad_norm': '1.115', 'learning_rate': '0.0001245', 'epoch': '1.317'}
{'loss': '0.7568', 'grad_norm': '1.067', 'learning_rate': '0.0001236', 'epoch': '1.326'}
{'loss': '0.7506', 'grad_norm': '1.153', 'learning_rate': '0.0001227', 'epoch': '1.334'}
{'loss': '0.7401', 'grad_norm': '1.117', 'learning_rate': '0.0001218', 'epoch': '1.343'}
{'loss': '0.7604', 'grad_norm': '1.125', 'learning_rate': '0.0001209', 'epoch': '1.351'}
{'loss': '0.749', 'grad_norm': '1.1', 'learning_rate': '0.00012', 'epoch': '1.36'}
{'loss': '0.7455', 'grad_norm': '1.07', 'learning_rate': '0.0001191', 'epoch': '1.368'}
{'loss': '0.7232', 'grad_norm': '1.13', 'learning_rate': '0.0001182', 'epoch': '1.377'}
{'loss': '0.7355', 'grad_norm': '1.139', 'learning_rate': '0.0001173', 'epoch': '1.385'}
{'loss': '0.7484', 'grad_norm': '1.067', 'learning_rate': '0.0001164', 'epoch': '1.394'}
{'loss': '0.7477', 'grad_norm': '1.132', 'learning_rate': '0.0001155', 'epoch': '1.402'}
{'loss': '0.7645', 'grad_norm': '1.083', 'learning_rate': '0.0001146', 'epoch': '1.411'}
{'loss': '0.7418', 'grad_norm': '1.103', 'learning_rate': '0.0001137', 'epoch': '1.419'}
{'loss': '0.7316', 'grad_norm': '1.062', 'learning_rate': '0.0001128', 'epoch': '1.428'}
{'loss': '0.7526', 'grad_norm': '1.098', 'learning_rate': '0.0001119', 'epoch': '1.436'}
{'loss': '0.7198', 'grad_norm': '1.125', 'learning_rate': '0.0001109', 'epoch': '1.445'}
{'loss': '0.7653', 'grad_norm': '1.12', 'learning_rate': '0.00011', 'epoch': '1.453'}
{'loss': '0.7415', 'grad_norm': '1.108', 'learning_rate': '0.0001091', 'epoch': '1.462'}
{'loss': '0.729', 'grad_norm': '1.072', 'learning_rate': '0.0001082', 'epoch': '1.47'}
{'loss': '0.7529', 'grad_norm': '1.144', 'learning_rate': '0.0001073', 'epoch': '1.479'}
{'loss': '0.7212', 'grad_norm': '1.212', 'learning_rate': '0.0001064', 'epoch': '1.487'}
{'loss': '0.7229', 'grad_norm': '1.15', 'learning_rate': '0.0001055', 'epoch': '1.496'}
{'loss': '0.7113', 'grad_norm': '1.027', 'learning_rate': '0.0001045', 'epoch': '1.504'}
{'loss': '0.7282', 'grad_norm': '1.078', 'learning_rate': '0.0001036', 'epoch': '1.513'}
{'loss': '0.7153', 'grad_norm': '1.144', 'learning_rate': '0.0001027', 'epoch': '1.521'}
{'loss': '0.7383', 'grad_norm': '1.161', 'learning_rate': '0.0001018', 'epoch': '1.53'}
{'loss': '0.7571', 'grad_norm': '1.067', 'learning_rate': '0.0001009', 'epoch': '1.538'}
{'loss': '0.7238', 'grad_norm': '1.161', 'learning_rate': '9.995e-05', 'epoch': '1.547'}
{'loss': '0.7276', 'grad_norm': '1.089', 'learning_rate': '9.904e-05', 'epoch': '1.555'}
{'loss': '0.7175', 'grad_norm': '1.125', 'learning_rate': '9.812e-05', 'epoch': '1.564'}
{'loss': '0.736', 'grad_norm': '1.115', 'learning_rate': '9.72e-05', 'epoch': '1.572'}
{'loss': '0.7394', 'grad_norm': '1.12', 'learning_rate': '9.629e-05', 'epoch': '1.581'}
{'loss': '0.7149', 'grad_norm': '1.143', 'learning_rate': '9.537e-05', 'epoch': '1.589'}
{'loss': '0.7188', 'grad_norm': '1.139', 'learning_rate': '9.445e-05', 'epoch': '1.598'}
{'loss': '0.7201', 'grad_norm': '1.115', 'learning_rate': '9.354e-05', 'epoch': '1.606'}
{'loss': '0.7197', 'grad_norm': '1.104', 'learning_rate': '9.262e-05', 'epoch': '1.615'}
{'loss': '0.7457', 'grad_norm': '1.12', 'learning_rate': '9.171e-05', 'epoch': '1.623'}
{'loss': '0.73', 'grad_norm': '1.119', 'learning_rate': '9.079e-05', 'epoch': '1.632'}
{'loss': '0.7335', 'grad_norm': '1.221', 'learning_rate': '8.988e-05', 'epoch': '1.64'}
{'loss': '0.7256', 'grad_norm': '1.117', 'learning_rate': '8.897e-05', 'epoch': '1.649'}
{'loss': '0.7359', 'grad_norm': '1.147', 'learning_rate': '8.806e-05', 'epoch': '1.657'}
{'loss': '0.7161', 'grad_norm': '1.09', 'learning_rate': '8.715e-05', 'epoch': '1.666'}
{'loss': '0.7251', 'grad_norm': '1.142', 'learning_rate': '8.624e-05', 'epoch': '1.674'}
{'loss': '0.6997', 'grad_norm': '1.091', 'learning_rate': '8.533e-05', 'epoch': '1.683'}
{'loss': '0.7252', 'grad_norm': '1.087', 'learning_rate': '8.442e-05', 'epoch': '1.691'}
{'loss': '0.7211', 'grad_norm': '1.208', 'learning_rate': '8.352e-05', 'epoch': '1.7'}
{'loss': '0.7244', 'grad_norm': '1.12', 'learning_rate': '8.262e-05', 'epoch': '1.708'}
{'loss': '0.7248', 'grad_norm': '1.098', 'learning_rate': '8.171e-05', 'epoch': '1.717'}
{'loss': '0.7159', 'grad_norm': '1.117', 'learning_rate': '8.081e-05', 'epoch': '1.725'}
{'loss': '0.7125', 'grad_norm': '1.089', 'learning_rate': '7.991e-05', 'epoch': '1.734'}
{'loss': '0.7009', 'grad_norm': '1.141', 'learning_rate': '7.901e-05', 'epoch': '1.742'}
{'loss': '0.727', 'grad_norm': '1.214', 'learning_rate': '7.812e-05', 'epoch': '1.751'}
{'loss': '0.6877', 'grad_norm': '1.072', 'learning_rate': '7.722e-05', 'epoch': '1.759'}
{'loss': '0.7038', 'grad_norm': '1.098', 'learning_rate': '7.633e-05', 'epoch': '1.768'}
{'loss': '0.7007', 'grad_norm': '1.099', 'learning_rate': '7.544e-05', 'epoch': '1.776'}
{'loss': '0.7103', 'grad_norm': '1.106', 'learning_rate': '7.455e-05', 'epoch': '1.785'}
{'loss': '0.7228', 'grad_norm': '1.128', 'learning_rate': '7.367e-05', 'epoch': '1.793'}
{'loss': '0.7254', 'grad_norm': '1.073', 'learning_rate': '7.278e-05', 'epoch': '1.802'}
{'loss': '0.725', 'grad_norm': '1.165', 'learning_rate': '7.19e-05', 'epoch': '1.81'}
{'loss': '0.6985', 'grad_norm': '1.176', 'learning_rate': '7.102e-05', 'epoch': '1.819'}
{'loss': '0.7186', 'grad_norm': '1.139', 'learning_rate': '7.015e-05', 'epoch': '1.827'}
{'loss': '0.7018', 'grad_norm': '1.084', 'learning_rate': '6.927e-05', 'epoch': '1.836'}
{'loss': '0.7107', 'grad_norm': '1.147', 'learning_rate': '6.84e-05', 'epoch': '1.844'}
{'loss': '0.6906', 'grad_norm': '1.131', 'learning_rate': '6.753e-05', 'epoch': '1.853'}
{'loss': '0.6851', 'grad_norm': '1.133', 'learning_rate': '6.667e-05', 'epoch': '1.861'}
{'loss': '0.7224', 'grad_norm': '1.193', 'learning_rate': '6.58e-05', 'epoch': '1.87'}
{'loss': '0.702', 'grad_norm': '1.122', 'learning_rate': '6.494e-05', 'epoch': '1.878'}
{'loss': '0.7142', 'grad_norm': '1.211', 'learning_rate': '6.408e-05', 'epoch': '1.887'}
{'loss': '0.6957', 'grad_norm': '1.092', 'learning_rate': '6.323e-05', 'epoch': '1.895'}
{'loss': '0.7093', 'grad_norm': '1.195', 'learning_rate': '6.238e-05', 'epoch': '1.904'}
{'loss': '0.6944', 'grad_norm': '1.091', 'learning_rate': '6.153e-05', 'epoch': '1.912'}
{'loss': '0.7025', 'grad_norm': '1.108', 'learning_rate': '6.069e-05', 'epoch': '1.921'}
{'loss': '0.737', 'grad_norm': '1.118', 'learning_rate': '5.984e-05', 'epoch': '1.929'}
{'loss': '0.715', 'grad_norm': '1.162', 'learning_rate': '5.901e-05', 'epoch': '1.938'}
{'loss': '0.717', 'grad_norm': '1.211', 'learning_rate': '5.817e-05', 'epoch': '1.946'}
{'loss': '0.7052', 'grad_norm': '1.151', 'learning_rate': '5.734e-05', 'epoch': '1.955'}
{'loss': '0.7007', 'grad_norm': '1.106', 'learning_rate': '5.651e-05', 'epoch': '1.963'}
{'loss': '0.7086', 'grad_norm': '1.107', 'learning_rate': '5.569e-05', 'epoch': '1.972'}
{'loss': '0.6922', 'grad_norm': '1.221', 'learning_rate': '5.487e-05', 'epoch': '1.98'}
{'loss': '0.7146', 'grad_norm': '1.208', 'learning_rate': '5.405e-05', 'epoch': '1.989'}
{'loss': '0.7061', 'grad_norm': '1.2', 'learning_rate': '5.324e-05', 'epoch': '1.997'}
[A
                                                   [A
{'eval_loss': '0.842', 'eval_runtime': '139.2', 'eval_samples_per_second': '18.74', 'eval_steps_per_second': '18.74', 'epoch': '2'}
{'loss': '0.6121', 'grad_norm': '0.9762', 'learning_rate': '5.243e-05', 'epoch': '2.005'}
{'loss': '0.5755', 'grad_norm': '1.092', 'learning_rate': '5.162e-05', 'epoch': '2.014'}
{'loss': '0.5787', 'grad_norm': '1.214', 'learning_rate': '5.082e-05', 'epoch': '2.022'}
{'loss': '0.5585', 'grad_norm': '1.118', 'learning_rate': '5.003e-05', 'epoch': '2.031'}
{'loss': '0.5505', 'grad_norm': '1.122', 'learning_rate': '4.923e-05', 'epoch': '2.039'}
{'loss': '0.5671', 'grad_norm': '1.127', 'learning_rate': '4.845e-05', 'epoch': '2.048'}
{'loss': '0.5572', 'grad_norm': '1.125', 'learning_rate': '4.766e-05', 'epoch': '2.056'}
{'loss': '0.5668', 'grad_norm': '1.21', 'learning_rate': '4.688e-05', 'epoch': '2.065'}
{'loss': '0.5585', 'grad_norm': '1.16', 'learning_rate': '4.611e-05', 'epoch': '2.073'}
{'loss': '0.5685', 'grad_norm': '1.252', 'learning_rate': '4.534e-05', 'epoch': '2.082'}
{'loss': '0.5467', 'grad_norm': '1.208', 'learning_rate': '4.457e-05', 'epoch': '2.09'}
{'loss': '0.5704', 'grad_norm': '1.251', 'learning_rate': '4.381e-05', 'epoch': '2.099'}
{'loss': '0.5569', 'grad_norm': '1.199', 'learning_rate': '4.305e-05', 'epoch': '2.107'}
{'loss': '0.5598', 'grad_norm': '1.225', 'learning_rate': '4.23e-05', 'epoch': '2.116'}
{'loss': '0.5725', 'grad_norm': '1.316', 'learning_rate': '4.156e-05', 'epoch': '2.124'}
{'loss': '0.5569', 'grad_norm': '1.264', 'learning_rate': '4.081e-05', 'epoch': '2.133'}
{'loss': '0.573', 'grad_norm': '1.187', 'learning_rate': '4.008e-05', 'epoch': '2.141'}
{'loss': '0.5576', 'grad_norm': '1.262', 'learning_rate': '3.935e-05', 'epoch': '2.15'}
{'loss': '0.549', 'grad_norm': '1.248', 'learning_rate': '3.862e-05', 'epoch': '2.158'}
{'loss': '0.5658', 'grad_norm': '1.215', 'learning_rate': '3.79e-05', 'epoch': '2.167'}
{'loss': '0.5648', 'grad_norm': '1.325', 'learning_rate': '3.718e-05', 'epoch': '2.175'}
{'loss': '0.5592', 'grad_norm': '1.237', 'learning_rate': '3.647e-05', 'epoch': '2.184'}
{'loss': '0.5668', 'grad_norm': '1.197', 'learning_rate': '3.576e-05', 'epoch': '2.192'}
{'loss': '0.5531', 'grad_norm': '1.268', 'learning_rate': '3.506e-05', 'epoch': '2.201'}
{'loss': '0.5403', 'grad_norm': '1.259', 'learning_rate': '3.437e-05', 'epoch': '2.209'}
{'loss': '0.541', 'grad_norm': '1.285', 'learning_rate': '3.368e-05', 'epoch': '2.218'}
{'loss': '0.5534', 'grad_norm': '1.259', 'learning_rate': '3.3e-05', 'epoch': '2.226'}
{'loss': '0.5461', 'grad_norm': '1.242', 'learning_rate': '3.232e-05', 'epoch': '2.235'}
{'loss': '0.5601', 'grad_norm': '1.269', 'learning_rate': '3.165e-05', 'epoch': '2.243'}
{'loss': '0.5458', 'grad_norm': '1.194', 'learning_rate': '3.098e-05', 'epoch': '2.252'}
{'loss': '0.5568', 'grad_norm': '1.277', 'learning_rate': '3.032e-05', 'epoch': '2.26'}
{'loss': '0.5485', 'grad_norm': '1.283', 'learning_rate': '2.966e-05', 'epoch': '2.269'}
{'loss': '0.5434', 'grad_norm': '1.256', 'learning_rate': '2.901e-05', 'epoch': '2.277'}
{'loss': '0.5513', 'grad_norm': '1.168', 'learning_rate': '2.837e-05', 'epoch': '2.286'}
{'loss': '0.576', 'grad_norm': '1.248', 'learning_rate': '2.773e-05', 'epoch': '2.294'}
{'loss': '0.5525', 'grad_norm': '1.216', 'learning_rate': '2.71e-05', 'epoch': '2.303'}
{'loss': '0.5527', 'grad_norm': '1.208', 'learning_rate': '2.648e-05', 'epoch': '2.311'}
{'loss': '0.5611', 'grad_norm': '1.226', 'learning_rate': '2.586e-05', 'epoch': '2.32'}
{'loss': '0.55', 'grad_norm': '1.284', 'learning_rate': '2.525e-05', 'epoch': '2.328'}
{'loss': '0.5557', 'grad_norm': '1.311', 'learning_rate': '2.464e-05', 'epoch': '2.337'}
{'loss': '0.5484', 'grad_norm': '1.327', 'learning_rate': '2.404e-05', 'epoch': '2.345'}
{'loss': '0.567', 'grad_norm': '1.276', 'learning_rate': '2.345e-05', 'epoch': '2.354'}
{'loss': '0.5527', 'grad_norm': '1.248', 'learning_rate': '2.286e-05', 'epoch': '2.362'}
{'loss': '0.5439', 'grad_norm': '1.299', 'learning_rate': '2.228e-05', 'epoch': '2.371'}
{'loss': '0.5867', 'grad_norm': '1.382', 'learning_rate': '2.171e-05', 'epoch': '2.379'}
{'loss': '0.57', 'grad_norm': '1.257', 'learning_rate': '2.114e-05', 'epoch': '2.388'}
{'loss': '0.5523', 'grad_norm': '1.196', 'learning_rate': '2.058e-05', 'epoch': '2.396'}
{'loss': '0.5626', 'grad_norm': '1.201', 'learning_rate': '2.002e-05', 'epoch': '2.405'}
{'loss': '0.5498', 'grad_norm': '1.222', 'learning_rate': '1.948e-05', 'epoch': '2.413'}
{'loss': '0.545', 'grad_norm': '1.2', 'learning_rate': '1.894e-05', 'epoch': '2.422'}
{'loss': '0.539', 'grad_norm': '1.272', 'learning_rate': '1.84e-05', 'epoch': '2.43'}
{'loss': '0.5609', 'grad_norm': '1.315', 'learning_rate': '1.788e-05', 'epoch': '2.439'}
{'loss': '0.5509', 'grad_norm': '1.332', 'learning_rate': '1.736e-05', 'epoch': '2.447'}
{'loss': '0.552', 'grad_norm': '1.186', 'learning_rate': '1.684e-05', 'epoch': '2.456'}
{'loss': '0.5275', 'grad_norm': '1.255', 'learning_rate': '1.634e-05', 'epoch': '2.464'}
{'loss': '0.5511', 'grad_norm': '1.285', 'learning_rate': '1.584e-05', 'epoch': '2.473'}
{'loss': '0.5573', 'grad_norm': '1.348', 'learning_rate': '1.535e-05', 'epoch': '2.481'}
{'loss': '0.5497', 'grad_norm': '1.242', 'learning_rate': '1.486e-05', 'epoch': '2.49'}
{'loss': '0.5497', 'grad_norm': '1.276', 'learning_rate': '1.438e-05', 'epoch': '2.498'}
{'loss': '0.5483', 'grad_norm': '1.248', 'learning_rate': '1.391e-05', 'epoch': '2.507'}
{'loss': '0.5559', 'grad_norm': '1.305', 'learning_rate': '1.345e-05', 'epoch': '2.515'}
{'loss': '0.5582', 'grad_norm': '1.232', 'learning_rate': '1.3e-05', 'epoch': '2.524'}
{'loss': '0.5431', 'grad_norm': '1.284', 'learning_rate': '1.255e-05', 'epoch': '2.532'}
{'loss': '0.5426', 'grad_norm': '1.261', 'learning_rate': '1.211e-05', 'epoch': '2.541'}
{'loss': '0.5364', 'grad_norm': '1.335', 'learning_rate': '1.167e-05', 'epoch': '2.549'}
{'loss': '0.5483', 'grad_norm': '1.261', 'learning_rate': '1.125e-05', 'epoch': '2.558'}
{'loss': '0.5549', 'grad_norm': '1.333', 'learning_rate': '1.083e-05', 'epoch': '2.566'}
{'loss': '0.5499', 'grad_norm': '1.247', 'learning_rate': '1.042e-05', 'epoch': '2.575'}
{'loss': '0.552', 'grad_norm': '1.301', 'learning_rate': '1.001e-05', 'epoch': '2.583'}
{'loss': '0.5416', 'grad_norm': '1.212', 'learning_rate': '9.615e-06', 'epoch': '2.592'}
{'loss': '0.5385', 'grad_norm': '1.202', 'learning_rate': '9.227e-06', 'epoch': '2.6'}
{'loss': '0.5597', 'grad_norm': '1.183', 'learning_rate': '8.846e-06', 'epoch': '2.609'}
{'loss': '0.5479', 'grad_norm': '1.295', 'learning_rate': '8.472e-06', 'epoch': '2.617'}
{'loss': '0.5225', 'grad_norm': '1.298', 'learning_rate': '8.107e-06', 'epoch': '2.626'}
{'loss': '0.5417', 'grad_norm': '1.27', 'learning_rate': '7.749e-06', 'epoch': '2.634'}
{'loss': '0.5606', 'grad_norm': '1.354', 'learning_rate': '7.399e-06', 'epoch': '2.643'}
{'loss': '0.5456', 'grad_norm': '1.321', 'learning_rate': '7.056e-06', 'epoch': '2.651'}
{'loss': '0.553', 'grad_norm': '1.326', 'learning_rate': '6.722e-06', 'epoch': '2.66'}
{'loss': '0.5412', 'grad_norm': '1.291', 'learning_rate': '6.395e-06', 'epoch': '2.668'}
{'loss': '0.5489', 'grad_norm': '1.284', 'learning_rate': '6.076e-06', 'epoch': '2.677'}
{'loss': '0.5624', 'grad_norm': '1.254', 'learning_rate': '5.765e-06', 'epoch': '2.685'}
{'loss': '0.5469', 'grad_norm': '1.258', 'learning_rate': '5.462e-06', 'epoch': '2.694'}
{'loss': '0.5648', 'grad_norm': '1.379', 'learning_rate': '5.167e-06', 'epoch': '2.702'}
{'loss': '0.57', 'grad_norm': '1.315', 'learning_rate': '4.88e-06', 'epoch': '2.711'}
{'loss': '0.5203', 'grad_norm': '1.303', 'learning_rate': '4.601e-06', 'epoch': '2.719'}
{'loss': '0.5685', 'grad_norm': '1.355', 'learning_rate': '4.33e-06', 'epoch': '2.728'}
{'loss': '0.54', 'grad_norm': '1.182', 'learning_rate': '4.067e-06', 'epoch': '2.736'}
{'loss': '0.548', 'grad_norm': '1.281', 'learning_rate': '3.812e-06', 'epoch': '2.745'}
{'loss': '0.5242', 'grad_norm': '1.252', 'learning_rate': '3.565e-06', 'epoch': '2.753'}
{'loss': '0.5446', 'grad_norm': '1.173', 'learning_rate': '3.327e-06', 'epoch': '2.762'}
{'loss': '0.5521', 'grad_norm': '1.273', 'learning_rate': '3.096e-06', 'epoch': '2.77'}
{'loss': '0.551', 'grad_norm': '1.256', 'learning_rate': '2.874e-06', 'epoch': '2.779'}
{'loss': '0.5671', 'grad_norm': '1.297', 'learning_rate': '2.66e-06', 'epoch': '2.787'}
{'loss': '0.5544', 'grad_norm': '1.234', 'learning_rate': '2.454e-06', 'epoch': '2.796'}
{'loss': '0.5459', 'grad_norm': '1.275', 'learning_rate': '2.256e-06', 'epoch': '2.804'}
{'loss': '0.5449', 'grad_norm': '1.236', 'learning_rate': '2.066e-06', 'epoch': '2.813'}
{'loss': '0.5346', 'grad_norm': '1.211', 'learning_rate': '1.885e-06', 'epoch': '2.821'}
{'loss': '0.5464', 'grad_norm': '1.358', 'learning_rate': '1.712e-06', 'epoch': '2.83'}
{'loss': '0.5548', 'grad_norm': '1.264', 'learning_rate': '1.547e-06', 'epoch': '2.838'}
{'loss': '0.5466', 'grad_norm': '1.315', 'learning_rate': '1.39e-06', 'epoch': '2.847'}
{'loss': '0.5305', 'grad_norm': '1.231', 'learning_rate': '1.242e-06', 'epoch': '2.855'}
{'loss': '0.5455', 'grad_norm': '1.244', 'learning_rate': '1.102e-06', 'epoch': '2.864'}
{'loss': '0.5407', 'grad_norm': '1.247', 'learning_rate': '9.704e-07', 'epoch': '2.872'}
{'loss': '0.5494', 'grad_norm': '1.287', 'learning_rate': '8.471e-07', 'epoch': '2.881'}
{'loss': '0.5636', 'grad_norm': '1.238', 'learning_rate': '7.321e-07', 'epoch': '2.889'}
{'loss': '0.5605', 'grad_norm': '1.282', 'learning_rate': '6.255e-07', 'epoch': '2.898'}
{'loss': '0.5416', 'grad_norm': '1.248', 'learning_rate': '5.272e-07', 'epoch': '2.906'}
{'loss': '0.5455', 'grad_norm': '1.261', 'learning_rate': '4.374e-07', 'epoch': '2.915'}
{'loss': '0.5648', 'grad_norm': '1.332', 'learning_rate': '3.558e-07', 'epoch': '2.923'}
{'loss': '0.5509', 'grad_norm': '1.26', 'learning_rate': '2.827e-07', 'epoch': '2.932'}
{'loss': '0.5531', 'grad_norm': '1.275', 'learning_rate': '2.18e-07', 'epoch': '2.94'}
{'loss': '0.5459', 'grad_norm': '1.254', 'learning_rate': '1.617e-07', 'epoch': '2.949'}
{'loss': '0.5344', 'grad_norm': '1.25', 'learning_rate': '1.137e-07', 'epoch': '2.957'}
{'loss': '0.5437', 'grad_norm': '1.411', 'learning_rate': '7.42e-08', 'epoch': '2.966'}
{'loss': '0.5413', 'grad_norm': '1.237', 'learning_rate': '4.307e-08', 'epoch': '2.974'}
{'loss': '0.5522', 'grad_norm': '1.262', 'learning_rate': '2.036e-08', 'epoch': '2.983'}
{'loss': '0.546', 'grad_norm': '1.284', 'learning_rate': '6.058e-09', 'epoch': '2.991'}
{'loss': '0.556', 'grad_norm': '1.288', 'learning_rate': '1.683e-10', 'epoch': '3'}
[A
                                                   [A
{'eval_loss': '0.8762', 'eval_runtime': '139.1', 'eval_samples_per_second': '18.75', 'eval_steps_per_second': '18.75', 'epoch': '3'}
{'train_runtime': '1.151e+04', 'train_samples_per_second': '4.905', 'train_steps_per_second': '0.307', 'train_loss': '0.7536', 'epoch': '3'}
adapter saved to runs/scale_qwen2.5_0.5B/adapter_with_thoughts
=== 0.5B with_thoughts process exited Sunday 04 October 2026 11:45:51 AM IST
skip 0.5B with_thoughts: adapter exists
=== 0.5B wo_thoughts start Sunday 04 October 2026 11:45:51 AM IST
[transformers] `torch_dtype` is deprecated! Use `dtype` instead!
trainable params: 17,596,416 || all params: 511,629,184 || trainable%: 3.4393
{'loss': '1.778', 'grad_norm': '5.067', 'learning_rate': '1.698e-05', 'epoch': '0.008501'}
{'loss': '1.478', 'grad_norm': '3.058', 'learning_rate': '3.585e-05', 'epoch': '0.017'}
{'loss': '1.303', 'grad_norm': '3.175', 'learning_rate': '5.472e-05', 'epoch': '0.0255'}
{'loss': '1.251', 'grad_norm': '2.405', 'learning_rate': '7.358e-05', 'epoch': '0.034'}
{'loss': '1.214', 'grad_norm': '2.691', 'learning_rate': '9.245e-05', 'epoch': '0.04251'}
{'loss': '1.153', 'grad_norm': '2.766', 'learning_rate': '0.0001113', 'epoch': '0.05101'}
{'loss': '1.176', 'grad_norm': '2.59', 'learning_rate': '0.0001302', 'epoch': '0.05951'}
{'loss': '1.157', 'grad_norm': '2.425', 'learning_rate': '0.0001491', 'epoch': '0.06801'}
{'loss': '1.161', 'grad_norm': '2.121', 'learning_rate': '0.0001679', 'epoch': '0.07651'}
{'loss': '1.183', 'grad_norm': '2.125', 'learning_rate': '0.0001868', 'epoch': '0.08501'}
{'loss': '1.148', 'grad_norm': '2.058', 'learning_rate': '0.0002', 'epoch': '0.09351'}
{'loss': '1.122', 'grad_norm': '2.152', 'learning_rate': '0.0002', 'epoch': '0.102'}
{'loss': '1.125', 'grad_norm': '1.958', 'learning_rate': '0.0002', 'epoch': '0.1105'}
{'loss': '1.134', 'grad_norm': '1.928', 'learning_rate': '0.0002', 'epoch': '0.119'}
{'loss': '1.145', 'grad_norm': '1.891', 'learning_rate': '0.0001999', 'epoch': '0.1275'}
{'loss': '1.093', 'grad_norm': '1.936', 'learning_rate': '0.0001999', 'epoch': '0.136'}
{'loss': '1.075', 'grad_norm': '1.696', 'learning_rate': '0.0001998', 'epoch': '0.1445'}
{'loss': '1.066', 'grad_norm': '1.855', 'learning_rate': '0.0001998', 'epoch': '0.153'}
{'loss': '1.046', 'grad_norm': '1.699', 'learning_rate': '0.0001997', 'epoch': '0.1615'}
{'loss': '1.122', 'grad_norm': '1.762', 'learning_rate': '0.0001996', 'epoch': '0.17'}
{'loss': '1.072', 'grad_norm': '1.79', 'learning_rate': '0.0001996', 'epoch': '0.1785'}
{'loss': '1.135', 'grad_norm': '1.913', 'learning_rate': '0.0001995', 'epoch': '0.187'}
{'loss': '1.092', 'grad_norm': '1.807', 'learning_rate': '0.0001994', 'epoch': '0.1955'}
{'loss': '1.05', 'grad_norm': '1.897', 'learning_rate': '0.0001993', 'epoch': '0.204'}
{'loss': '1.066', 'grad_norm': '1.774', 'learning_rate': '0.0001991', 'epoch': '0.2125'}
{'loss': '1.03', 'grad_norm': '1.723', 'learning_rate': '0.000199', 'epoch': '0.221'}
{'loss': '1.061', 'grad_norm': '1.855', 'learning_rate': '0.0001989', 'epoch': '0.2295'}
{'loss': '1.073', 'grad_norm': '1.698', 'learning_rate': '0.0001987', 'epoch': '0.238'}
{'loss': '1.078', 'grad_norm': '1.705', 'learning_rate': '0.0001986', 'epoch': '0.2465'}
{'loss': '1.058', 'grad_norm': '1.808', 'learning_rate': '0.0001984', 'epoch': '0.255'}
{'loss': '0.9929', 'grad_norm': '1.645', 'learning_rate': '0.0001983', 'epoch': '0.2635'}
{'loss': '1.046', 'grad_norm': '1.521', 'learning_rate': '0.0001981', 'epoch': '0.272'}
{'loss': '1.029', 'grad_norm': '1.483', 'learning_rate': '0.0001979', 'epoch': '0.2805'}
{'loss': '1', 'grad_norm': '1.936', 'learning_rate': '0.0001977', 'epoch': '0.289'}
{'loss': '1.033', 'grad_norm': '1.643', 'learning_rate': '0.0001975', 'epoch': '0.2975'}
{'loss': '1.026', 'grad_norm': '1.861', 'learning_rate': '0.0001973', 'epoch': '0.306'}
{'loss': '1.032', 'grad_norm': '1.806', 'learning_rate': '0.0001971', 'epoch': '0.3145'}
{'loss': '0.9968', 'grad_norm': '1.818', 'learning_rate': '0.0001969', 'epoch': '0.323'}
{'loss': '1.007', 'grad_norm': '1.726', 'learning_rate': '0.0001966', 'epoch': '0.3315'}
{'loss': '1.047', 'grad_norm': '1.559', 'learning_rate': '0.0001964', 'epoch': '0.34'}
{'loss': '1.003', 'grad_norm': '1.676', 'learning_rate': '0.0001962', 'epoch': '0.3485'}
{'loss': '1.002', 'grad_norm': '1.637', 'learning_rate': '0.0001959', 'epoch': '0.357'}
{'loss': '1.017', 'grad_norm': '1.477', 'learning_rate': '0.0001956', 'epoch': '0.3655'}
{'loss': '1.04', 'grad_norm': '1.491', 'learning_rate': '0.0001954', 'epoch': '0.3741'}
{'loss': '0.9977', 'grad_norm': '1.625', 'learning_rate': '0.0001951', 'epoch': '0.3826'}
{'loss': '0.9823', 'grad_norm': '1.635', 'learning_rate': '0.0001948', 'epoch': '0.3911'}
{'loss': '1.027', 'grad_norm': '1.498', 'learning_rate': '0.0001945', 'epoch': '0.3996'}
{'loss': '0.9737', 'grad_norm': '1.563', 'learning_rate': '0.0001942', 'epoch': '0.4081'}
{'loss': '0.9944', 'grad_norm': '1.644', 'learning_rate': '0.0001939', 'epoch': '0.4166'}
{'loss': '1.064', 'grad_norm': '1.505', 'learning_rate': '0.0001936', 'epoch': '0.4251'}
{'loss': '1.02', 'grad_norm': '1.721', 'learning_rate': '0.0001932', 'epoch': '0.4336'}
{'loss': '1.022', 'grad_norm': '1.528', 'learning_rate': '0.0001929', 'epoch': '0.4421'}
{'loss': '1.019', 'grad_norm': '1.588', 'learning_rate': '0.0001926', 'epoch': '0.4506'}
{'loss': '0.9866', 'grad_norm': '1.468', 'learning_rate': '0.0001922', 'epoch': '0.4591'}
{'loss': '0.9929', 'grad_norm': '1.596', 'learning_rate': '0.0001919', 'epoch': '0.4676'}
{'loss': '1.004', 'grad_norm': '1.656', 'learning_rate': '0.0001915', 'epoch': '0.4761'}
{'loss': '0.9968', 'grad_norm': '1.725', 'learning_rate': '0.0001911', 'epoch': '0.4846'}
{'loss': '0.9853', 'grad_norm': '1.601', 'learning_rate': '0.0001907', 'epoch': '0.4931'}
{'loss': '0.9839', 'grad_norm': '1.593', 'learning_rate': '0.0001903', 'epoch': '0.5016'}
{'loss': '0.9837', 'grad_norm': '1.537', 'learning_rate': '0.0001899', 'epoch': '0.5101'}
{'loss': '0.9754', 'grad_norm': '1.544', 'learning_rate': '0.0001895', 'epoch': '0.5186'}
{'loss': '0.9854', 'grad_norm': '1.551', 'learning_rate': '0.0001891', 'epoch': '0.5271'}
{'loss': '0.9518', 'grad_norm': '1.585', 'learning_rate': '0.0001887', 'epoch': '0.5356'}
{'loss': '0.9895', 'grad_norm': '1.575', 'learning_rate': '0.0001883', 'epoch': '0.5441'}
{'loss': '1.009', 'grad_norm': '1.477', 'learning_rate': '0.0001879', 'epoch': '0.5526'}
{'loss': '1.002', 'grad_norm': '1.626', 'learning_rate': '0.0001874', 'epoch': '0.5611'}
{'loss': '0.9775', 'grad_norm': '1.737', 'learning_rate': '0.000187', 'epoch': '0.5696'}
{'loss': '1.009', 'grad_norm': '1.607', 'learning_rate': '0.0001865', 'epoch': '0.5781'}
{'loss': '0.9421', 'grad_norm': '1.46', 'learning_rate': '0.000186', 'epoch': '0.5866'}
{'loss': '0.9701', 'grad_norm': '1.508', 'learning_rate': '0.0001856', 'epoch': '0.5951'}
{'loss': '1.004', 'grad_norm': '1.532', 'learning_rate': '0.0001851', 'epoch': '0.6036'}
{'loss': '0.9768', 'grad_norm': '1.589', 'learning_rate': '0.0001846', 'epoch': '0.6121'}
{'loss': '0.9873', 'grad_norm': '1.59', 'learning_rate': '0.0001841', 'epoch': '0.6206'}
{'loss': '0.9986', 'grad_norm': '1.631', 'learning_rate': '0.0001836', 'epoch': '0.6291'}
{'loss': '0.9556', 'grad_norm': '1.684', 'learning_rate': '0.0001831', 'epoch': '0.6376'}
{'loss': '0.9908', 'grad_norm': '1.497', 'learning_rate': '0.0001826', 'epoch': '0.6461'}
{'loss': '0.9689', 'grad_norm': '1.71', 'learning_rate': '0.0001821', 'epoch': '0.6546'}
{'loss': '0.9709', 'grad_norm': '1.57', 'learning_rate': '0.0001815', 'epoch': '0.6631'}
{'loss': '0.9639', 'grad_norm': '1.53', 'learning_rate': '0.000181', 'epoch': '0.6716'}
{'loss': '0.945', 'grad_norm': '1.662', 'learning_rate': '0.0001805', 'epoch': '0.6801'}
{'loss': '0.9788', 'grad_norm': '1.561', 'learning_rate': '0.0001799', 'epoch': '0.6886'}
{'loss': '0.9702', 'grad_norm': '1.572', 'learning_rate': '0.0001794', 'epoch': '0.6971'}
{'loss': '0.9614', 'grad_norm': '1.501', 'learning_rate': '0.0001788', 'epoch': '0.7056'}
{'loss': '0.9876', 'grad_norm': '1.691', 'learning_rate': '0.0001782', 'epoch': '0.7141'}
{'loss': '0.9651', 'grad_norm': '1.503', 'learning_rate': '0.0001777', 'epoch': '0.7226'}
{'loss': '0.9419', 'grad_norm': '1.502', 'learning_rate': '0.0001771', 'epoch': '0.7311'}
{'loss': '1.021', 'grad_norm': '1.49', 'learning_rate': '0.0001765', 'epoch': '0.7396'}
{'loss': '0.9759', 'grad_norm': '1.487', 'learning_rate': '0.0001759', 'epoch': '0.7481'}
{'loss': '0.9791', 'grad_norm': '1.537', 'learning_rate': '0.0001753', 'epoch': '0.7566'}
{'loss': '0.9841', 'grad_norm': '1.592', 'learning_rate': '0.0001747', 'epoch': '0.7651'}
{'loss': '1.005', 'grad_norm': '1.598', 'learning_rate': '0.0001741', 'epoch': '0.7736'}
{'loss': '0.9917', 'grad_norm': '1.593', 'learning_rate': '0.0001735', 'epoch': '0.7821'}
{'loss': '0.98', 'grad_norm': '1.656', 'learning_rate': '0.0001728', 'epoch': '0.7906'}
{'loss': '0.9488', 'grad_norm': '1.531', 'learning_rate': '0.0001722', 'epoch': '0.7991'}
{'loss': '0.9612', 'grad_norm': '1.512', 'learning_rate': '0.0001716', 'epoch': '0.8076'}
{'loss': '0.9437', 'grad_norm': '1.608', 'learning_rate': '0.0001709', 'epoch': '0.8161'}
{'loss': '0.9272', 'grad_norm': '1.524', 'learning_rate': '0.0001703', 'epoch': '0.8246'}
{'loss': '1.013', 'grad_norm': '1.696', 'learning_rate': '0.0001696', 'epoch': '0.8331'}
{'loss': '0.9431', 'grad_norm': '1.516', 'learning_rate': '0.000169', 'epoch': '0.8416'}
{'loss': '0.9827', 'grad_norm': '1.483', 'learning_rate': '0.0001683', 'epoch': '0.8501'}
{'loss': '0.9742', 'grad_norm': '1.627', 'learning_rate': '0.0001676', 'epoch': '0.8586'}
{'loss': '0.9576', 'grad_norm': '1.678', 'learning_rate': '0.0001669', 'epoch': '0.8671'}
{'loss': '0.949', 'grad_norm': '1.518', 'learning_rate': '0.0001663', 'epoch': '0.8756'}
{'loss': '0.9534', 'grad_norm': '1.692', 'learning_rate': '0.0001656', 'epoch': '0.8841'}
{'loss': '0.9589', 'grad_norm': '1.509', 'learning_rate': '0.0001649', 'epoch': '0.8926'}
{'loss': '0.9237', 'grad_norm': '1.49', 'learning_rate': '0.0001642', 'epoch': '0.9011'}
{'loss': '0.9474', 'grad_norm': '1.583', 'learning_rate': '0.0001635', 'epoch': '0.9096'}
{'loss': '0.9337', 'grad_norm': '1.63', 'learning_rate': '0.0001627', 'epoch': '0.9181'}
{'loss': '0.9421', 'grad_norm': '1.673', 'learning_rate': '0.000162', 'epoch': '0.9266'}
{'loss': '0.89', 'grad_norm': '1.437', 'learning_rate': '0.0001613', 'epoch': '0.9351'}
{'loss': '0.9066', 'grad_norm': '1.562', 'learning_rate': '0.0001606', 'epoch': '0.9436'}
{'loss': '0.9731', 'grad_norm': '1.701', 'learning_rate': '0.0001598', 'epoch': '0.9521'}
{'loss': '0.9606', 'grad_norm': '1.571', 'learning_rate': '0.0001591', 'epoch': '0.9606'}
{'loss': '0.9325', 'grad_norm': '1.639', 'learning_rate': '0.0001584', 'epoch': '0.9691'}
{'loss': '0.965', 'grad_norm': '1.497', 'learning_rate': '0.0001576', 'epoch': '0.9776'}
{'loss': '0.9592', 'grad_norm': '1.653', 'learning_rate': '0.0001569', 'epoch': '0.9861'}
{'loss': '0.9156', 'grad_norm': '1.438', 'learning_rate': '0.0001561', 'epoch': '0.9946'}
[A
                                                   [AWarning: You are sending unauthenticated requests to the HF Hub. Please set a HF_TOKEN to enable higher rate limits and faster downloads.
{'eval_loss': '0.9171', 'eval_runtime': '131.4', 'eval_samples_per_second': '19.85', 'eval_steps_per_second': '19.85', 'epoch': '1'}
{'loss': '0.8775', 'grad_norm': '1.382', 'learning_rate': '0.0001554', 'epoch': '1.003'}
{'loss': '0.7493', 'grad_norm': '1.58', 'learning_rate': '0.0001546', 'epoch': '1.011'}
{'loss': '0.7374', 'grad_norm': '1.667', 'learning_rate': '0.0001538', 'epoch': '1.02'}
{'loss': '0.716', 'grad_norm': '1.571', 'learning_rate': '0.000153', 'epoch': '1.028'}
{'loss': '0.74', 'grad_norm': '1.689', 'learning_rate': '0.0001523', 'epoch': '1.037'}
{'loss': '0.7371', 'grad_norm': '1.638', 'learning_rate': '0.0001515', 'epoch': '1.045'}
{'loss': '0.7464', 'grad_norm': '1.697', 'learning_rate': '0.0001507', 'epoch': '1.054'}
{'loss': '0.706', 'grad_norm': '1.65', 'learning_rate': '0.0001499', 'epoch': '1.062'}
{'loss': '0.7556', 'grad_norm': '1.742', 'learning_rate': '0.0001491', 'epoch': '1.071'}
{'loss': '0.7394', 'grad_norm': '1.707', 'learning_rate': '0.0001483', 'epoch': '1.079'}
{'loss': '0.7484', 'grad_norm': '1.788', 'learning_rate': '0.0001475', 'epoch': '1.088'}
{'loss': '0.7401', 'grad_norm': '1.679', 'learning_rate': '0.0001467', 'epoch': '1.096'}
{'loss': '0.7349', 'grad_norm': '1.693', 'learning_rate': '0.0001459', 'epoch': '1.105'}
{'loss': '0.7155', 'grad_norm': '1.802', 'learning_rate': '0.0001451', 'epoch': '1.113'}
{'loss': '0.7372', 'grad_norm': '1.818', 'learning_rate': '0.0001442', 'epoch': '1.122'}
{'loss': '0.7455', 'grad_norm': '1.603', 'learning_rate': '0.0001434', 'epoch': '1.13'}
{'loss': '0.7422', 'grad_norm': '1.688', 'learning_rate': '0.0001426', 'epoch': '1.139'}
{'loss': '0.7207', 'grad_norm': '1.59', 'learning_rate': '0.0001417', 'epoch': '1.147'}
{'loss': '0.7494', 'grad_norm': '1.658', 'learning_rate': '0.0001409', 'epoch': '1.156'}
{'loss': '0.6948', 'grad_norm': '1.733', 'learning_rate': '0.0001401', 'epoch': '1.164'}
{'loss': '0.725', 'grad_norm': '1.797', 'learning_rate': '0.0001392', 'epoch': '1.173'}
{'loss': '0.7435', 'grad_norm': '1.825', 'learning_rate': '0.0001384', 'epoch': '1.181'}
{'loss': '0.7237', 'grad_norm': '1.815', 'learning_rate': '0.0001375', 'epoch': '1.19'}
{'loss': '0.713', 'grad_norm': '1.851', 'learning_rate': '0.0001367', 'epoch': '1.198'}
{'loss': '0.7527', 'grad_norm': '1.879', 'learning_rate': '0.0001358', 'epoch': '1.207'}
{'loss': '0.7419', 'grad_norm': '1.656', 'learning_rate': '0.000135', 'epoch': '1.215'}
{'loss': '0.7133', 'grad_norm': '1.591', 'learning_rate': '0.0001341', 'epoch': '1.224'}
{'loss': '0.7124', 'grad_norm': '1.879', 'learning_rate': '0.0001332', 'epoch': '1.232'}
{'loss': '0.7227', 'grad_norm': '1.692', 'learning_rate': '0.0001324', 'epoch': '1.241'}
{'loss': '0.7389', 'grad_norm': '1.711', 'learning_rate': '0.0001315', 'epoch': '1.249'}
{'loss': '0.7462', 'grad_norm': '1.741', 'learning_rate': '0.0001306', 'epoch': '1.258'}
{'loss': '0.7402', 'grad_norm': '1.643', 'learning_rate': '0.0001298', 'epoch': '1.266'}
{'loss': '0.7041', 'grad_norm': '1.715', 'learning_rate': '0.0001289', 'epoch': '1.275'}
{'loss': '0.7352', 'grad_norm': '1.86', 'learning_rate': '0.000128', 'epoch': '1.283'}
{'loss': '0.7386', 'grad_norm': '1.586', 'learning_rate': '0.0001271', 'epoch': '1.292'}
{'loss': '0.7219', 'grad_norm': '1.662', 'learning_rate': '0.0001262', 'epoch': '1.3'}
{'loss': '0.7366', 'grad_norm': '1.786', 'learning_rate': '0.0001254', 'epoch': '1.309'}
{'loss': '0.6998', 'grad_norm': '1.717', 'learning_rate': '0.0001245', 'epoch': '1.317'}
{'loss': '0.7538', 'grad_norm': '1.716', 'learning_rate': '0.0001236', 'epoch': '1.326'}
{'loss': '0.7551', 'grad_norm': '1.834', 'learning_rate': '0.0001227', 'epoch': '1.334'}
{'loss': '0.7165', 'grad_norm': '1.682', 'learning_rate': '0.0001218', 'epoch': '1.343'}
{'loss': '0.7663', 'grad_norm': '1.93', 'learning_rate': '0.0001209', 'epoch': '1.351'}
{'loss': '0.7439', 'grad_norm': '1.821', 'learning_rate': '0.00012', 'epoch': '1.36'}
{'loss': '0.723', 'grad_norm': '1.691', 'learning_rate': '0.0001191', 'epoch': '1.368'}
{'loss': '0.7198', 'grad_norm': '1.771', 'learning_rate': '0.0001182', 'epoch': '1.377'}
{'loss': '0.7053', 'grad_norm': '1.725', 'learning_rate': '0.0001173', 'epoch': '1.385'}
{'loss': '0.7327', 'grad_norm': '1.627', 'learning_rate': '0.0001164', 'epoch': '1.394'}
{'loss': '0.7414', 'grad_norm': '1.715', 'learning_rate': '0.0001155', 'epoch': '1.402'}
{'loss': '0.7501', 'grad_norm': '1.738', 'learning_rate': '0.0001146', 'epoch': '1.411'}
{'loss': '0.7135', 'grad_norm': '1.882', 'learning_rate': '0.0001137', 'epoch': '1.419'}
{'loss': '0.7162', 'grad_norm': '1.748', 'learning_rate': '0.0001128', 'epoch': '1.428'}
{'loss': '0.7293', 'grad_norm': '1.697', 'learning_rate': '0.0001119', 'epoch': '1.436'}
{'loss': '0.6843', 'grad_norm': '1.735', 'learning_rate': '0.0001109', 'epoch': '1.445'}
{'loss': '0.7343', 'grad_norm': '1.779', 'learning_rate': '0.00011', 'epoch': '1.453'}
{'loss': '0.7205', 'grad_norm': '1.812', 'learning_rate': '0.0001091', 'epoch': '1.462'}
{'loss': '0.7225', 'grad_norm': '1.736', 'learning_rate': '0.0001082', 'epoch': '1.47'}
{'loss': '0.7542', 'grad_norm': '1.935', 'learning_rate': '0.0001073', 'epoch': '1.479'}
{'loss': '0.7135', 'grad_norm': '1.926', 'learning_rate': '0.0001064', 'epoch': '1.487'}
{'loss': '0.7042', 'grad_norm': '1.899', 'learning_rate': '0.0001055', 'epoch': '1.496'}
{'loss': '0.6803', 'grad_norm': '1.746', 'learning_rate': '0.0001045', 'epoch': '1.504'}
{'loss': '0.7052', 'grad_norm': '1.682', 'learning_rate': '0.0001036', 'epoch': '1.513'}
{'loss': '0.7154', 'grad_norm': '1.822', 'learning_rate': '0.0001027', 'epoch': '1.521'}
{'loss': '0.7067', 'grad_norm': '1.66', 'learning_rate': '0.0001018', 'epoch': '1.53'}
{'loss': '0.7539', 'grad_norm': '1.707', 'learning_rate': '0.0001009', 'epoch': '1.538'}
{'loss': '0.7338', 'grad_norm': '1.812', 'learning_rate': '9.995e-05', 'epoch': '1.547'}
{'loss': '0.7191', 'grad_norm': '1.81', 'learning_rate': '9.904e-05', 'epoch': '1.555'}
{'loss': '0.7057', 'grad_norm': '1.682', 'learning_rate': '9.812e-05', 'epoch': '1.564'}
{'loss': '0.7067', 'grad_norm': '1.855', 'learning_rate': '9.72e-05', 'epoch': '1.572'}
{'loss': '0.7461', 'grad_norm': '1.897', 'learning_rate': '9.629e-05', 'epoch': '1.581'}
{'loss': '0.6899', 'grad_norm': '1.855', 'learning_rate': '9.537e-05', 'epoch': '1.589'}
{'loss': '0.7084', 'grad_norm': '1.892', 'learning_rate': '9.445e-05', 'epoch': '1.598'}
{'loss': '0.6964', 'grad_norm': '1.592', 'learning_rate': '9.354e-05', 'epoch': '1.606'}
{'loss': '0.7119', 'grad_norm': '1.722', 'learning_rate': '9.262e-05', 'epoch': '1.615'}
{'loss': '0.7465', 'grad_norm': '1.864', 'learning_rate': '9.171e-05', 'epoch': '1.623'}
{'loss': '0.7072', 'grad_norm': '1.742', 'learning_rate': '9.079e-05', 'epoch': '1.632'}
{'loss': '0.715', 'grad_norm': '1.869', 'learning_rate': '8.988e-05', 'epoch': '1.64'}
{'loss': '0.7247', 'grad_norm': '1.607', 'learning_rate': '8.897e-05', 'epoch': '1.649'}
{'loss': '0.7106', 'grad_norm': '1.682', 'learning_rate': '8.806e-05', 'epoch': '1.657'}
{'loss': '0.7041', 'grad_norm': '1.807', 'learning_rate': '8.715e-05', 'epoch': '1.666'}
{'loss': '0.7133', 'grad_norm': '1.674', 'learning_rate': '8.624e-05', 'epoch': '1.674'}
{'loss': '0.6923', 'grad_norm': '1.795', 'learning_rate': '8.533e-05', 'epoch': '1.683'}
{'loss': '0.7149', 'grad_norm': '1.922', 'learning_rate': '8.442e-05', 'epoch': '1.691'}
{'loss': '0.7113', 'grad_norm': '1.856', 'learning_rate': '8.352e-05', 'epoch': '1.7'}
{'loss': '0.7377', 'grad_norm': '1.757', 'learning_rate': '8.262e-05', 'epoch': '1.708'}
{'loss': '0.7309', 'grad_norm': '1.866', 'learning_rate': '8.171e-05', 'epoch': '1.717'}
{'loss': '0.6871', 'grad_norm': '1.798', 'learning_rate': '8.081e-05', 'epoch': '1.725'}
{'loss': '0.7168', 'grad_norm': '1.866', 'learning_rate': '7.991e-05', 'epoch': '1.734'}
{'loss': '0.7009', 'grad_norm': '1.831', 'learning_rate': '7.901e-05', 'epoch': '1.742'}
{'loss': '0.7072', 'grad_norm': '1.888', 'learning_rate': '7.812e-05', 'epoch': '1.751'}
{'loss': '0.6931', 'grad_norm': '1.681', 'learning_rate': '7.722e-05', 'epoch': '1.759'}
{'loss': '0.6915', 'grad_norm': '1.806', 'learning_rate': '7.633e-05', 'epoch': '1.768'}
{'loss': '0.7114', 'grad_norm': '1.78', 'learning_rate': '7.544e-05', 'epoch': '1.776'}
{'loss': '0.7042', 'grad_norm': '1.965', 'learning_rate': '7.455e-05', 'epoch': '1.785'}
{'loss': '0.7236', 'grad_norm': '1.82', 'learning_rate': '7.367e-05', 'epoch': '1.793'}
{'loss': '0.6869', 'grad_norm': '1.761', 'learning_rate': '7.278e-05', 'epoch': '1.802'}
{'loss': '0.6968', 'grad_norm': '1.801', 'learning_rate': '7.19e-05', 'epoch': '1.81'}
{'loss': '0.7052', 'grad_norm': '1.889', 'learning_rate': '7.102e-05', 'epoch': '1.819'}
{'loss': '0.7092', 'grad_norm': '1.798', 'learning_rate': '7.015e-05', 'epoch': '1.827'}
{'loss': '0.6888', 'grad_norm': '1.629', 'learning_rate': '6.927e-05', 'epoch': '1.836'}
{'loss': '0.6917', 'grad_norm': '1.801', 'learning_rate': '6.84e-05', 'epoch': '1.844'}
{'loss': '0.6519', 'grad_norm': '1.737', 'learning_rate': '6.753e-05', 'epoch': '1.853'}
{'loss': '0.6542', 'grad_norm': '1.746', 'learning_rate': '6.667e-05', 'epoch': '1.861'}
{'loss': '0.6946', 'grad_norm': '1.721', 'learning_rate': '6.58e-05', 'epoch': '1.87'}
{'loss': '0.6888', 'grad_norm': '1.909', 'learning_rate': '6.494e-05', 'epoch': '1.878'}
{'loss': '0.7124', 'grad_norm': '1.927', 'learning_rate': '6.408e-05', 'epoch': '1.887'}
{'loss': '0.6737', 'grad_norm': '1.645', 'learning_rate': '6.323e-05', 'epoch': '1.895'}
{'loss': '0.7226', 'grad_norm': '1.975', 'learning_rate': '6.238e-05', 'epoch': '1.904'}
{'loss': '0.6778', 'grad_norm': '1.671', 'learning_rate': '6.153e-05', 'epoch': '1.912'}
{'loss': '0.7061', 'grad_norm': '1.868', 'learning_rate': '6.069e-05', 'epoch': '1.921'}
{'loss': '0.7332', 'grad_norm': '1.829', 'learning_rate': '5.984e-05', 'epoch': '1.929'}
{'loss': '0.7224', 'grad_norm': '1.711', 'learning_rate': '5.901e-05', 'epoch': '1.938'}
{'loss': '0.6823', 'grad_norm': '1.811', 'learning_rate': '5.817e-05', 'epoch': '1.946'}
{'loss': '0.6855', 'grad_norm': '1.903', 'learning_rate': '5.734e-05', 'epoch': '1.955'}
{'loss': '0.7095', 'grad_norm': '1.862', 'learning_rate': '5.651e-05', 'epoch': '1.963'}
{'loss': '0.7022', 'grad_norm': '1.739', 'learning_rate': '5.569e-05', 'epoch': '1.972'}
{'loss': '0.6789', 'grad_norm': '1.937', 'learning_rate': '5.487e-05', 'epoch': '1.98'}
{'loss': '0.7149', 'grad_norm': '1.764', 'learning_rate': '5.405e-05', 'epoch': '1.989'}
{'loss': '0.6838', 'grad_norm': '1.843', 'learning_rate': '5.324e-05', 'epoch': '1.997'}
[A
                                                   [A
{'eval_loss': '0.8755', 'eval_runtime': '131.4', 'eval_samples_per_second': '19.85', 'eval_steps_per_second': '19.85', 'epoch': '2'}
{'loss': '0.5633', 'grad_norm': '1.423', 'learning_rate': '5.243e-05', 'epoch': '2.005'}
{'loss': '0.4663', 'grad_norm': '1.621', 'learning_rate': '5.162e-05', 'epoch': '2.014'}
{'loss': '0.4821', 'grad_norm': '1.886', 'learning_rate': '5.082e-05', 'epoch': '2.022'}
{'loss': '0.4739', 'grad_norm': '1.894', 'learning_rate': '5.003e-05', 'epoch': '2.031'}
{'loss': '0.4614', 'grad_norm': '1.814', 'learning_rate': '4.923e-05', 'epoch': '2.039'}
{'loss': '0.458', 'grad_norm': '1.689', 'learning_rate': '4.845e-05', 'epoch': '2.048'}
{'loss': '0.4662', 'grad_norm': '1.793', 'learning_rate': '4.766e-05', 'epoch': '2.056'}
{'loss': '0.4671', 'grad_norm': '1.795', 'learning_rate': '4.688e-05', 'epoch': '2.065'}
{'loss': '0.4827', 'grad_norm': '1.85', 'learning_rate': '4.611e-05', 'epoch': '2.073'}
{'loss': '0.4744', 'grad_norm': '1.953', 'learning_rate': '4.534e-05', 'epoch': '2.082'}
{'loss': '0.4441', 'grad_norm': '1.898', 'learning_rate': '4.457e-05', 'epoch': '2.09'}
{'loss': '0.4678', 'grad_norm': '1.758', 'learning_rate': '4.381e-05', 'epoch': '2.099'}
{'loss': '0.4504', 'grad_norm': '1.897', 'learning_rate': '4.305e-05', 'epoch': '2.107'}
{'loss': '0.4641', 'grad_norm': '2.006', 'learning_rate': '4.23e-05', 'epoch': '2.116'}
{'loss': '0.4673', 'grad_norm': '2.014', 'learning_rate': '4.156e-05', 'epoch': '2.124'}
{'loss': '0.463', 'grad_norm': '2.133', 'learning_rate': '4.081e-05', 'epoch': '2.133'}
{'loss': '0.4745', 'grad_norm': '1.916', 'learning_rate': '4.008e-05', 'epoch': '2.141'}
{'loss': '0.4619', 'grad_norm': '1.833', 'learning_rate': '3.935e-05', 'epoch': '2.15'}
{'loss': '0.447', 'grad_norm': '2.159', 'learning_rate': '3.862e-05', 'epoch': '2.158'}
{'loss': '0.4501', 'grad_norm': '1.882', 'learning_rate': '3.79e-05', 'epoch': '2.167'}
{'loss': '0.4839', 'grad_norm': '2.193', 'learning_rate': '3.718e-05', 'epoch': '2.175'}
{'loss': '0.4738', 'grad_norm': '2.136', 'learning_rate': '3.647e-05', 'epoch': '2.184'}
{'loss': '0.4644', 'grad_norm': '1.863', 'learning_rate': '3.576e-05', 'epoch': '2.192'}
{'loss': '0.4607', 'grad_norm': '2.057', 'learning_rate': '3.506e-05', 'epoch': '2.201'}
{'loss': '0.4333', 'grad_norm': '1.814', 'learning_rate': '3.437e-05', 'epoch': '2.209'}
{'loss': '0.437', 'grad_norm': '1.915', 'learning_rate': '3.368e-05', 'epoch': '2.218'}
{'loss': '0.445', 'grad_norm': '1.851', 'learning_rate': '3.3e-05', 'epoch': '2.226'}
{'loss': '0.4527', 'grad_norm': '2.039', 'learning_rate': '3.232e-05', 'epoch': '2.235'}
{'loss': '0.4681', 'grad_norm': '2.245', 'learning_rate': '3.165e-05', 'epoch': '2.243'}
{'loss': '0.449', 'grad_norm': '1.893', 'learning_rate': '3.098e-05', 'epoch': '2.252'}
{'loss': '0.4522', 'grad_norm': '1.861', 'learning_rate': '3.032e-05', 'epoch': '2.26'}
{'loss': '0.4483', 'grad_norm': '1.949', 'learning_rate': '2.966e-05', 'epoch': '2.269'}
{'loss': '0.46', 'grad_norm': '2.035', 'learning_rate': '2.901e-05', 'epoch': '2.277'}
{'loss': '0.4299', 'grad_norm': '2.038', 'learning_rate': '2.837e-05', 'epoch': '2.286'}
{'loss': '0.4772', 'grad_norm': '2.029', 'learning_rate': '2.773e-05', 'epoch': '2.294'}
{'loss': '0.4563', 'grad_norm': '1.865', 'learning_rate': '2.71e-05', 'epoch': '2.303'}
{'loss': '0.4392', 'grad_norm': '1.903', 'learning_rate': '2.648e-05', 'epoch': '2.311'}
{'loss': '0.4661', 'grad_norm': '2.137', 'learning_rate': '2.586e-05', 'epoch': '2.32'}
{'loss': '0.4615', 'grad_norm': '2.102', 'learning_rate': '2.525e-05', 'epoch': '2.328'}
{'loss': '0.4581', 'grad_norm': '2.378', 'learning_rate': '2.464e-05', 'epoch': '2.337'}
{'loss': '0.4393', 'grad_norm': '2.005', 'learning_rate': '2.404e-05', 'epoch': '2.345'}
{'loss': '0.4467', 'grad_norm': '1.831', 'learning_rate': '2.345e-05', 'epoch': '2.354'}
{'loss': '0.4659', 'grad_norm': '1.948', 'learning_rate': '2.286e-05', 'epoch': '2.362'}
{'loss': '0.4564', 'grad_norm': '2.015', 'learning_rate': '2.228e-05', 'epoch': '2.371'}
{'loss': '0.4876', 'grad_norm': '2.091', 'learning_rate': '2.171e-05', 'epoch': '2.379'}
{'loss': '0.4647', 'grad_norm': '1.995', 'learning_rate': '2.114e-05', 'epoch': '2.388'}
{'loss': '0.4623', 'grad_norm': '2.014', 'learning_rate': '2.058e-05', 'epoch': '2.396'}
{'loss': '0.477', 'grad_norm': '2.041', 'learning_rate': '2.002e-05', 'epoch': '2.405'}
{'loss': '0.4493', 'grad_norm': '1.946', 'learning_rate': '1.948e-05', 'epoch': '2.413'}
{'loss': '0.4364', 'grad_norm': '1.808', 'learning_rate': '1.894e-05', 'epoch': '2.422'}
{'loss': '0.4505', 'grad_norm': '1.996', 'learning_rate': '1.84e-05', 'epoch': '2.43'}
{'loss': '0.4423', 'grad_norm': '2.178', 'learning_rate': '1.788e-05', 'epoch': '2.439'}
{'loss': '0.4659', 'grad_norm': '2.254', 'learning_rate': '1.736e-05', 'epoch': '2.447'}
{'loss': '0.4702', 'grad_norm': '1.867', 'learning_rate': '1.684e-05', 'epoch': '2.456'}
{'loss': '0.4258', 'grad_norm': '1.924', 'learning_rate': '1.634e-05', 'epoch': '2.464'}
{'loss': '0.4503', 'grad_norm': '2.128', 'learning_rate': '1.584e-05', 'epoch': '2.473'}
{'loss': '0.4389', 'grad_norm': '2.221', 'learning_rate': '1.535e-05', 'epoch': '2.481'}
{'loss': '0.4355', 'grad_norm': '1.928', 'learning_rate': '1.486e-05', 'epoch': '2.49'}
{'loss': '0.4481', 'grad_norm': '1.999', 'learning_rate': '1.438e-05', 'epoch': '2.498'}
{'loss': '0.454', 'grad_norm': '2.174', 'learning_rate': '1.391e-05', 'epoch': '2.507'}
{'loss': '0.4536', 'grad_norm': '2.138', 'learning_rate': '1.345e-05', 'epoch': '2.515'}
{'loss': '0.4678', 'grad_norm': '2.032', 'learning_rate': '1.3e-05', 'epoch': '2.524'}
{'loss': '0.4492', 'grad_norm': '1.88', 'learning_rate': '1.255e-05', 'epoch': '2.532'}
{'loss': '0.4393', 'grad_norm': '1.757', 'learning_rate': '1.211e-05', 'epoch': '2.541'}
{'loss': '0.4528', 'grad_norm': '1.9', 'learning_rate': '1.167e-05', 'epoch': '2.549'}
{'loss': '0.4634', 'grad_norm': '2.017', 'learning_rate': '1.125e-05', 'epoch': '2.558'}
{'loss': '0.4591', 'grad_norm': '2.022', 'learning_rate': '1.083e-05', 'epoch': '2.566'}
{'loss': '0.4456', 'grad_norm': '2.068', 'learning_rate': '1.042e-05', 'epoch': '2.575'}
{'loss': '0.4654', 'grad_norm': '2.043', 'learning_rate': '1.001e-05', 'epoch': '2.583'}
{'loss': '0.4391', 'grad_norm': '2.015', 'learning_rate': '9.615e-06', 'epoch': '2.592'}
{'loss': '0.4457', 'grad_norm': '2.127', 'learning_rate': '9.227e-06', 'epoch': '2.6'}
{'loss': '0.4539', 'grad_norm': '1.865', 'learning_rate': '8.846e-06', 'epoch': '2.609'}
{'loss': '0.4374', 'grad_norm': '2.061', 'learning_rate': '8.472e-06', 'epoch': '2.617'}
{'loss': '0.4274', 'grad_norm': '1.883', 'learning_rate': '8.107e-06', 'epoch': '2.626'}
{'loss': '0.4396', 'grad_norm': '2.02', 'learning_rate': '7.749e-06', 'epoch': '2.634'}
{'loss': '0.4444', 'grad_norm': '2.175', 'learning_rate': '7.399e-06', 'epoch': '2.643'}
{'loss': '0.4639', 'grad_norm': '2.024', 'learning_rate': '7.056e-06', 'epoch': '2.651'}
{'loss': '0.4648', 'grad_norm': '2.249', 'learning_rate': '6.722e-06', 'epoch': '2.66'}
{'loss': '0.4476', 'grad_norm': '2.049', 'learning_rate': '6.395e-06', 'epoch': '2.668'}
{'loss': '0.4463', 'grad_norm': '2.126', 'learning_rate': '6.076e-06', 'epoch': '2.677'}
{'loss': '0.467', 'grad_norm': '2.178', 'learning_rate': '5.765e-06', 'epoch': '2.685'}
{'loss': '0.4585', 'grad_norm': '2.083', 'learning_rate': '5.462e-06', 'epoch': '2.694'}
{'loss': '0.4606', 'grad_norm': '2.134', 'learning_rate': '5.167e-06', 'epoch': '2.702'}
{'loss': '0.4467', 'grad_norm': '2.063', 'learning_rate': '4.88e-06', 'epoch': '2.711'}
{'loss': '0.4277', 'grad_norm': '2.052', 'learning_rate': '4.601e-06', 'epoch': '2.719'}
{'loss': '0.4712', 'grad_norm': '2.157', 'learning_rate': '4.33e-06', 'epoch': '2.728'}
{'loss': '0.4449', 'grad_norm': '1.95', 'learning_rate': '4.067e-06', 'epoch': '2.736'}
{'loss': '0.43', 'grad_norm': '2.205', 'learning_rate': '3.812e-06', 'epoch': '2.745'}
{'loss': '0.4181', 'grad_norm': '1.908', 'learning_rate': '3.565e-06', 'epoch': '2.753'}
{'loss': '0.4429', 'grad_norm': '1.867', 'learning_rate': '3.327e-06', 'epoch': '2.762'}
{'loss': '0.4512', 'grad_norm': '1.91', 'learning_rate': '3.096e-06', 'epoch': '2.77'}
{'loss': '0.4477', 'grad_norm': '2.194', 'learning_rate': '2.66e-06', 'epoch': '2.787'}
{'loss': '0.4526', 'grad_norm': '1.996', 'learning_rate': '2.454e-06', 'epoch': '2.796'}
{'loss': '0.4533', 'grad_norm': '2.057', 'learning_rate': '2.256e-06', 'epoch': '2.804'}
{'loss': '0.4553', 'grad_norm': '1.81', 'learning_rate': '2.066e-06', 'epoch': '2.813'}
{'loss': '0.438', 'grad_norm': '1.861', 'learning_rate': '1.885e-06', 'epoch': '2.821'}
{'loss': '0.4335', 'grad_norm': '1.996', 'learning_rate': '1.712e-06', 'epoch': '2.83'}
{'loss': '0.4359', 'grad_norm': '1.999', 'learning_rate': '1.547e-06', 'epoch': '2.838'}
{'loss': '0.4585', 'grad_norm': '1.992', 'learning_rate': '1.39e-06', 'epoch': '2.847'}
{'loss': '0.438', 'grad_norm': '1.998', 'learning_rate': '1.242e-06', 'epoch': '2.855'}
{'loss': '0.434', 'grad_norm': '1.814', 'learning_rate': '1.102e-06', 'epoch': '2.864'}
{'loss': '0.4314', 'grad_norm': '1.99', 'learning_rate': '9.704e-07', 'epoch': '2.872'}
{'loss': '0.4483', 'grad_norm': '2.127', 'learning_rate': '8.471e-07', 'epoch': '2.881'}
{'loss': '0.4623', 'grad_norm': '2.141', 'learning_rate': '7.321e-07', 'epoch': '2.889'}
{'loss': '0.4595', 'grad_norm': '2.042', 'learning_rate': '6.255e-07', 'epoch': '2.898'}
{'loss': '0.4639', 'grad_norm': '2.511', 'learning_rate': '5.272e-07', 'epoch': '2.906'}
{'loss': '0.4296', 'grad_norm': '2.171', 'learning_rate': '4.374e-07', 'epoch': '2.915'}
{'loss': '0.448', 'grad_norm': '1.97', 'learning_rate': '3.558e-07', 'epoch': '2.923'}
{'loss': '0.4503', 'grad_norm': '2.059', 'learning_rate': '2.827e-07', 'epoch': '2.932'}
{'loss': '0.4364', 'grad_norm': '2.004', 'learning_rate': '2.18e-07', 'epoch': '2.94'}
{'loss': '0.4677', 'grad_norm': '1.886', 'learning_rate': '1.617e-07', 'epoch': '2.949'}
{'loss': '0.448', 'grad_norm': '2.068', 'learning_rate': '1.137e-07', 'epoch': '2.957'}
{'loss': '0.4505', 'grad_norm': '2.15', 'learning_rate': '7.42e-08', 'epoch': '2.966'}
{'loss': '0.4357', 'grad_norm': '1.939', 'learning_rate': '4.307e-08', 'epoch': '2.974'}
{'loss': '0.4569', 'grad_norm': '2.038', 'learning_rate': '2.036e-08', 'epoch': '2.983'}
{'loss': '0.4358', 'grad_norm': '1.811', 'learning_rate': '6.058e-09', 'epoch': '2.991'}
{'loss': '0.4393', 'grad_norm': '1.884', 'learning_rate': '1.683e-10', 'epoch': '3'}
[A
                                                   [A
{'eval_loss': '0.9566', 'eval_runtime': '131.3', 'eval_samples_per_second': '19.86', 'eval_steps_per_second': '19.86', 'epoch': '3'}
{'train_runtime': '1.125e+04', 'train_samples_per_second': '5.02', 'train_steps_per_second': '0.314', 'train_loss': '0.732', 'epoch': '3'}
adapter saved to runs/scale_qwen2.5_0.5B/adapter_wo_thoughts
=== 0.5B wo_thoughts done Sunday 04 October 2026 02:53:43 PM IST
=== local analyses start Sunday 04 October 2026 02:53:43 PM IST
  0.5B with_thoughts rank 1: val loss 1.3669
  0.5B with_thoughts rank 2: val loss 1.2080
  0.5B with_thoughts rank 4: val loss 1.0540
  0.5B with_thoughts rank 8: val loss 0.9328
  0.5B with_thoughts rank 16: val loss 0.8643
  0.5B with_thoughts rank 32: val loss 0.8480
  0.5B wo_thoughts rank 1: val loss 1.3500
  0.5B wo_thoughts rank 2: val loss 1.1834
  0.5B wo_thoughts rank 4: val loss 1.0478
  0.5B wo_thoughts rank 8: val loss 0.9511
  0.5B wo_thoughts rank 16: val loss 0.8964
  0.5B wo_thoughts rank 32: val loss 0.8951
wrote /home/ashish/Desktop/ML_DSL501/project/newsop/COCCON_NEW/runs/scaling/extra/lora_geometry/report.md
2608 paired val turns
  0.5B with_thoughts: 250/2608
  0.5B with_thoughts: 500/2608
  0.5B with_thoughts: 750/2608
  0.5B with_thoughts: 1000/2608
  0.5B with_thoughts: 1250/2608
  0.5B with_thoughts: 1500/2608
  0.5B with_thoughts: 1750/2608
  0.5B with_thoughts: 2000/2608
  0.5B with_thoughts: 2250/2608
  0.5B with_thoughts: 2500/2608
  0.5B wo_thoughts: 250/2608
  0.5B wo_thoughts: 500/2608
  0.5B wo_thoughts: 750/2608
  0.5B wo_thoughts: 1000/2608
  0.5B wo_thoughts: 1250/2608
  0.5B wo_thoughts: 1500/2608
  0.5B wo_thoughts: 1750/2608
  0.5B wo_thoughts: 2000/2608
  0.5B wo_thoughts: 2250/2608
  0.5B wo_thoughts: 2500/2608
Traceback (most recent call last):
  File "/home/ashish/Desktop/ML_DSL501/project/newsop/COCCON_NEW/extra/pvi.py", line 212, in <module>
    main()
  File "/home/ashish/Desktop/ML_DSL501/project/newsop/COCCON_NEW/extra/pvi.py", line 191, in main
    table = [{"size": s, "turns": r["n"], "V-info (bits/turn)": ci(r, "v_information"),
                                                                ^^^^^^^^^^^^^^^^^^^^^^
  File "/home/ashish/Desktop/ML_DSL501/project/newsop/COCCON_NEW/extra/pvi.py", line 190, in <lambda>
    ci = lambda r, k: f"{fmt(r[k])} [{fmt(r[k + '_ci'][0])}, {fmt(r[k + '_ci'][1])}]"
                             ~^^^
KeyError: 'v_information'
pvi FAILED
Traceback (most recent call last):
  File "/home/ashish/Desktop/ML_DSL501/project/newsop/COCCON_NEW/extra/scaling.py", line 282, in <module>
    main()
  File "/home/ashish/Desktop/ML_DSL501/project/newsop/COCCON_NEW/extra/scaling.py", line 237, in main
    gains = {m: g for m in TEST_METRICS if (g := gain_stats(sizes, tests, m, args.reps))}
                                                 ^^^^^^^^^^^^^^^^^^^^^^^^^^^^^^^^^^^^^^
  File "/home/ashish/Desktop/ML_DSL501/project/newsop/COCCON_NEW/extra/scaling.py", line 122, in gain_stats
    have = [s for s in sizes if all(tests.get((s, a), {}).get(metric) for a in SFT_ARMS)]
                                ^^^^^^^^^^^^^^^^^^^^^^^^^^^^^^^^^^^^^^^^^^^^^^^^^^^^^^^^
  File "/home/ashish/Desktop/ML_DSL501/project/newsop/COCCON_NEW/extra/scaling.py", line 122, in <genexpr>
    have = [s for s in sizes if all(tests.get((s, a), {}).get(metric) for a in SFT_ARMS)]
                                    ^^^^^^^^^^^^^^^^^^^^^^^^^
AttributeError: 'NoneType' object has no attribute 'get'
scaling FAILED
=== local analyses done Sunday 04 October 2026 03:01:59 PM IST
