=== 3B with_thoughts start Sunday 04 October 2026 06:48:50 PM IST
Warning: You are sending unauthenticated requests to the HF Hub. Please set a HF_TOKEN to enable higher rate limits and faster downloads.
[transformers] `torch_dtype` is deprecated! Use `dtype` instead!
trainable params: 59,867,136 || all params: 3,145,805,824 || trainable%: 1.9031
{'loss': '1.459', 'grad_norm': '2.334', 'learning_rate': '1.698e-05', 'epoch': '0.008501'}
{'loss': '1.18', 'grad_norm': '1.016', 'learning_rate': '3.585e-05', 'epoch': '0.017'}
{'loss': '1.027', 'grad_norm': '0.893', 'learning_rate': '5.472e-05', 'epoch': '0.0255'}
{'loss': '0.9492', 'grad_norm': '0.6906', 'learning_rate': '7.358e-05', 'epoch': '0.034'}
{'loss': '0.9247', 'grad_norm': '0.6853', 'learning_rate': '9.245e-05', 'epoch': '0.04251'}
{'loss': '0.8967', 'grad_norm': '0.8517', 'learning_rate': '0.0001113', 'epoch': '0.05101'}
{'loss': '0.8872', 'grad_norm': '0.7515', 'learning_rate': '0.0001302', 'epoch': '0.05951'}
{'loss': '0.8704', 'grad_norm': '0.6672', 'learning_rate': '0.0001491', 'epoch': '0.06801'}
{'loss': '0.8568', 'grad_norm': '0.6446', 'learning_rate': '0.0001679', 'epoch': '0.07651'}
{'loss': '0.8616', 'grad_norm': '0.6278', 'learning_rate': '0.0001868', 'epoch': '0.08501'}
{'loss': '0.8786', 'grad_norm': '0.627', 'learning_rate': '0.0002', 'epoch': '0.09351'}
{'loss': '0.8506', 'grad_norm': '0.611', 'learning_rate': '0.0002', 'epoch': '0.102'}
{'loss': '0.847', 'grad_norm': '0.6255', 'learning_rate': '0.0002', 'epoch': '0.1105'}
{'loss': '0.8382', 'grad_norm': '0.5916', 'learning_rate': '0.0002', 'epoch': '0.119'}
{'loss': '0.851', 'grad_norm': '0.6543', 'learning_rate': '0.0001999', 'epoch': '0.1275'}
{'loss': '0.8225', 'grad_norm': '0.6463', 'learning_rate': '0.0001999', 'epoch': '0.136'}
{'loss': '0.8166', 'grad_norm': '0.572', 'learning_rate': '0.0001998', 'epoch': '0.1445'}
{'loss': '0.8035', 'grad_norm': '0.5737', 'learning_rate': '0.0001998', 'epoch': '0.153'}
{'loss': '0.823', 'grad_norm': '0.5831', 'learning_rate': '0.0001997', 'epoch': '0.1615'}
{'loss': '0.819', 'grad_norm': '0.5801', 'learning_rate': '0.0001996', 'epoch': '0.17'}
{'loss': '0.7964', 'grad_norm': '0.5842', 'learning_rate': '0.0001996', 'epoch': '0.1785'}
{'loss': '0.8247', 'grad_norm': '0.5838', 'learning_rate': '0.0001995', 'epoch': '0.187'}
{'loss': '0.8027', 'grad_norm': '0.542', 'learning_rate': '0.0001994', 'epoch': '0.1955'}
{'loss': '0.802', 'grad_norm': '0.5913', 'learning_rate': '0.0001993', 'epoch': '0.204'}
{'loss': '0.7958', 'grad_norm': '0.5497', 'learning_rate': '0.0001991', 'epoch': '0.2125'}
{'loss': '0.7961', 'grad_norm': '0.5567', 'learning_rate': '0.000199', 'epoch': '0.221'}
{'loss': '0.7805', 'grad_norm': '0.5562', 'learning_rate': '0.0001989', 'epoch': '0.2295'}
{'loss': '0.797', 'grad_norm': '0.5115', 'learning_rate': '0.0001987', 'epoch': '0.238'}
{'loss': '0.7962', 'grad_norm': '0.5558', 'learning_rate': '0.0001986', 'epoch': '0.2465'}
{'loss': '0.7875', 'grad_norm': '0.5591', 'learning_rate': '0.0001984', 'epoch': '0.255'}
{'loss': '0.7696', 'grad_norm': '0.5898', 'learning_rate': '0.0001983', 'epoch': '0.2635'}
{'loss': '0.7677', 'grad_norm': '0.589', 'learning_rate': '0.0001981', 'epoch': '0.272'}
{'loss': '0.7814', 'grad_norm': '0.5153', 'learning_rate': '0.0001979', 'epoch': '0.2805'}
{'loss': '0.7695', 'grad_norm': '0.5614', 'learning_rate': '0.0001977', 'epoch': '0.289'}
{'loss': '0.78', 'grad_norm': '0.5573', 'learning_rate': '0.0001975', 'epoch': '0.2975'}
{'loss': '0.7621', 'grad_norm': '0.5677', 'learning_rate': '0.0001973', 'epoch': '0.306'}
{'loss': '0.7815', 'grad_norm': '0.5546', 'learning_rate': '0.0001971', 'epoch': '0.3145'}
{'loss': '0.7651', 'grad_norm': '0.5703', 'learning_rate': '0.0001969', 'epoch': '0.323'}
{'loss': '0.769', 'grad_norm': '0.5392', 'learning_rate': '0.0001966', 'epoch': '0.3315'}
{'loss': '0.7687', 'grad_norm': '0.5346', 'learning_rate': '0.0001964', 'epoch': '0.34'}
{'loss': '0.7473', 'grad_norm': '0.5432', 'learning_rate': '0.0001962', 'epoch': '0.3485'}
{'loss': '0.762', 'grad_norm': '0.5363', 'learning_rate': '0.0001959', 'epoch': '0.357'}
{'loss': '0.7633', 'grad_norm': '0.5394', 'learning_rate': '0.0001956', 'epoch': '0.3655'}
{'loss': '0.7594', 'grad_norm': '0.5205', 'learning_rate': '0.0001954', 'epoch': '0.3741'}
{'loss': '0.749', 'grad_norm': '0.5533', 'learning_rate': '0.0001951', 'epoch': '0.3826'}
{'loss': '0.7659', 'grad_norm': '0.5201', 'learning_rate': '0.0001948', 'epoch': '0.3911'}
{'loss': '0.7487', 'grad_norm': '0.5598', 'learning_rate': '0.0001945', 'epoch': '0.3996'}
{'loss': '0.7484', 'grad_norm': '0.5257', 'learning_rate': '0.0001942', 'epoch': '0.4081'}
{'loss': '0.7476', 'grad_norm': '0.5139', 'learning_rate': '0.0001939', 'epoch': '0.4166'}
{'loss': '0.7698', 'grad_norm': '0.5361', 'learning_rate': '0.0001936', 'epoch': '0.4251'}
{'loss': '0.759', 'grad_norm': '0.5168', 'learning_rate': '0.0001932', 'epoch': '0.4336'}
{'loss': '0.7552', 'grad_norm': '0.5313', 'learning_rate': '0.0001929', 'epoch': '0.4421'}
{'loss': '0.7554', 'grad_norm': '0.5107', 'learning_rate': '0.0001926', 'epoch': '0.4506'}
{'loss': '0.7548', 'grad_norm': '0.5109', 'learning_rate': '0.0001922', 'epoch': '0.4591'}
{'loss': '0.7428', 'grad_norm': '0.5364', 'learning_rate': '0.0001919', 'epoch': '0.4676'}
{'loss': '0.7374', 'grad_norm': '0.5583', 'learning_rate': '0.0001915', 'epoch': '0.4761'}
{'loss': '0.7289', 'grad_norm': '0.9004', 'learning_rate': '0.0001911', 'epoch': '0.4846'}
{'loss': '0.7408', 'grad_norm': '0.5309', 'learning_rate': '0.0001907', 'epoch': '0.4931'}
{'loss': '0.7338', 'grad_norm': '0.5223', 'learning_rate': '0.0001903', 'epoch': '0.5016'}
{'loss': '0.7399', 'grad_norm': '0.509', 'learning_rate': '0.0001899', 'epoch': '0.5101'}
{'loss': '0.7508', 'grad_norm': '0.5009', 'learning_rate': '0.0001895', 'epoch': '0.5186'}
{'loss': '0.7298', 'grad_norm': '0.5322', 'learning_rate': '0.0001891', 'epoch': '0.5271'}
{'loss': '0.7198', 'grad_norm': '0.5267', 'learning_rate': '0.0001887', 'epoch': '0.5356'}
{'loss': '0.7374', 'grad_norm': '0.5363', 'learning_rate': '0.0001883', 'epoch': '0.5441'}
{'loss': '0.7474', 'grad_norm': '0.4955', 'learning_rate': '0.0001879', 'epoch': '0.5526'}
{'loss': '0.7295', 'grad_norm': '0.5361', 'learning_rate': '0.0001874', 'epoch': '0.5611'}
{'loss': '0.7479', 'grad_norm': '0.5764', 'learning_rate': '0.000187', 'epoch': '0.5696'}
{'loss': '0.7454', 'grad_norm': '0.5468', 'learning_rate': '0.0001865', 'epoch': '0.5781'}
{'loss': '0.7228', 'grad_norm': '0.5084', 'learning_rate': '0.000186', 'epoch': '0.5866'}
{'loss': '0.7449', 'grad_norm': '0.5153', 'learning_rate': '0.0001856', 'epoch': '0.5951'}
{'loss': '0.7393', 'grad_norm': '0.5294', 'learning_rate': '0.0001851', 'epoch': '0.6036'}
{'loss': '0.7322', 'grad_norm': '0.5344', 'learning_rate': '0.0001846', 'epoch': '0.6121'}
{'loss': '0.7558', 'grad_norm': '0.5488', 'learning_rate': '0.0001841', 'epoch': '0.6206'}
{'loss': '0.7455', 'grad_norm': '0.5028', 'learning_rate': '0.0001836', 'epoch': '0.6291'}
{'loss': '0.7253', 'grad_norm': '0.5504', 'learning_rate': '0.0001831', 'epoch': '0.6376'}
{'loss': '0.7249', 'grad_norm': '0.5181', 'learning_rate': '0.0001826', 'epoch': '0.6461'}
{'loss': '0.7315', 'grad_norm': '0.5755', 'learning_rate': '0.0001821', 'epoch': '0.6546'}
{'loss': '0.728', 'grad_norm': '0.541', 'learning_rate': '0.0001815', 'epoch': '0.6631'}
{'loss': '0.719', 'grad_norm': '0.5357', 'learning_rate': '0.000181', 'epoch': '0.6716'}
{'loss': '0.7186', 'grad_norm': '0.5422', 'learning_rate': '0.0001805', 'epoch': '0.6801'}
{'loss': '0.7397', 'grad_norm': '0.5281', 'learning_rate': '0.0001799', 'epoch': '0.6886'}
{'loss': '0.7281', 'grad_norm': '0.5159', 'learning_rate': '0.0001794', 'epoch': '0.6971'}
{'loss': '0.7395', 'grad_norm': '0.556', 'learning_rate': '0.0001788', 'epoch': '0.7056'}
{'loss': '0.7328', 'grad_norm': '0.5023', 'learning_rate': '0.0001782', 'epoch': '0.7141'}
{'loss': '0.7175', 'grad_norm': '0.546', 'learning_rate': '0.0001777', 'epoch': '0.7226'}
{'loss': '0.7275', 'grad_norm': '0.5614', 'learning_rate': '0.0001771', 'epoch': '0.7311'}
{'loss': '0.7559', 'grad_norm': '0.4952', 'learning_rate': '0.0001765', 'epoch': '0.7396'}
{'loss': '0.7341', 'grad_norm': '0.5551', 'learning_rate': '0.0001759', 'epoch': '0.7481'}
{'loss': '0.7265', 'grad_norm': '0.5045', 'learning_rate': '0.0001753', 'epoch': '0.7566'}
{'loss': '0.7269', 'grad_norm': '0.5669', 'learning_rate': '0.0001747', 'epoch': '0.7651'}
{'loss': '0.7494', 'grad_norm': '0.524', 'learning_rate': '0.0001741', 'epoch': '0.7736'}
{'loss': '0.7346', 'grad_norm': '0.5393', 'learning_rate': '0.0001735', 'epoch': '0.7821'}
{'loss': '0.7138', 'grad_norm': '0.5637', 'learning_rate': '0.0001728', 'epoch': '0.7906'}
{'loss': '0.7241', 'grad_norm': '0.5244', 'learning_rate': '0.0001722', 'epoch': '0.7991'}
{'loss': '0.7265', 'grad_norm': '0.5609', 'learning_rate': '0.0001716', 'epoch': '0.8076'}
{'loss': '0.7197', 'grad_norm': '0.5228', 'learning_rate': '0.0001709', 'epoch': '0.8161'}
{'loss': '0.7049', 'grad_norm': '0.5268', 'learning_rate': '0.0001703', 'epoch': '0.8246'}
{'loss': '0.7262', 'grad_norm': '0.5426', 'learning_rate': '0.0001696', 'epoch': '0.8331'}
{'loss': '0.7077', 'grad_norm': '0.5266', 'learning_rate': '0.000169', 'epoch': '0.8416'}
{'loss': '0.7128', 'grad_norm': '0.5036', 'learning_rate': '0.0001683', 'epoch': '0.8501'}
{'loss': '0.7331', 'grad_norm': '0.5338', 'learning_rate': '0.0001676', 'epoch': '0.8586'}
{'loss': '0.72', 'grad_norm': '0.5283', 'learning_rate': '0.0001669', 'epoch': '0.8671'}
{'loss': '0.7036', 'grad_norm': '0.4989', 'learning_rate': '0.0001663', 'epoch': '0.8756'}
{'loss': '0.7168', 'grad_norm': '0.5627', 'learning_rate': '0.0001656', 'epoch': '0.8841'}
{'loss': '0.7082', 'grad_norm': '0.4869', 'learning_rate': '0.0001649', 'epoch': '0.8926'}
{'loss': '0.6938', 'grad_norm': '0.4989', 'learning_rate': '0.0001642', 'epoch': '0.9011'}
{'loss': '0.7053', 'grad_norm': '0.508', 'learning_rate': '0.0001635', 'epoch': '0.9096'}
{'loss': '0.6966', 'grad_norm': '0.5161', 'learning_rate': '0.0001627', 'epoch': '0.9181'}
{'loss': '0.7072', 'grad_norm': '0.5186', 'learning_rate': '0.000162', 'epoch': '0.9266'}
{'loss': '0.6938', 'grad_norm': '0.534', 'learning_rate': '0.0001613', 'epoch': '0.9351'}
{'loss': '0.6917', 'grad_norm': '0.5263', 'learning_rate': '0.0001606', 'epoch': '0.9436'}
{'loss': '0.7282', 'grad_norm': '0.5589', 'learning_rate': '0.0001598', 'epoch': '0.9521'}
{'loss': '0.7191', 'grad_norm': '0.5275', 'learning_rate': '0.0001591', 'epoch': '0.9606'}
{'loss': '0.7106', 'grad_norm': '0.5285', 'learning_rate': '0.0001584', 'epoch': '0.9691'}
{'loss': '0.7052', 'grad_norm': '0.4922', 'learning_rate': '0.0001576', 'epoch': '0.9776'}
{'loss': '0.7006', 'grad_norm': '0.5365', 'learning_rate': '0.0001569', 'epoch': '0.9861'}
{'loss': '0.6895', 'grad_norm': '0.5112', 'learning_rate': '0.0001561', 'epoch': '0.9946'}
[A
                                                   [A
{'eval_loss': '0.715', 'eval_runtime': '583.1', 'eval_samples_per_second': '4.472', 'eval_steps_per_second': '4.472', 'epoch': '1'}
{'loss': '0.6522', 'grad_norm': '0.506', 'learning_rate': '0.0001554', 'epoch': '1.003'}
{'loss': '0.5936', 'grad_norm': '0.6047', 'learning_rate': '0.0001546', 'epoch': '1.011'}
{'loss': '0.5951', 'grad_norm': '0.5378', 'learning_rate': '0.0001538', 'epoch': '1.02'}
{'loss': '0.5842', 'grad_norm': '0.5725', 'learning_rate': '0.000153', 'epoch': '1.028'}
{'loss': '0.5782', 'grad_norm': '0.5312', 'learning_rate': '0.0001523', 'epoch': '1.037'}
{'loss': '0.5962', 'grad_norm': '0.5748', 'learning_rate': '0.0001515', 'epoch': '1.045'}
{'loss': '0.5991', 'grad_norm': '0.6068', 'learning_rate': '0.0001507', 'epoch': '1.054'}
{'loss': '0.5674', 'grad_norm': '0.5781', 'learning_rate': '0.0001499', 'epoch': '1.062'}
{'loss': '0.5933', 'grad_norm': '0.5443', 'learning_rate': '0.0001491', 'epoch': '1.071'}
{'loss': '0.5935', 'grad_norm': '0.5949', 'learning_rate': '0.0001483', 'epoch': '1.079'}
{'loss': '0.5853', 'grad_norm': '0.5611', 'learning_rate': '0.0001475', 'epoch': '1.088'}
{'loss': '0.5858', 'grad_norm': '0.5795', 'learning_rate': '0.0001467', 'epoch': '1.096'}
{'loss': '0.5868', 'grad_norm': '0.5846', 'learning_rate': '0.0001459', 'epoch': '1.105'}
{'loss': '0.582', 'grad_norm': '0.561', 'learning_rate': '0.0001451', 'epoch': '1.113'}
{'loss': '0.5927', 'grad_norm': '0.5522', 'learning_rate': '0.0001442', 'epoch': '1.122'}
{'loss': '0.5922', 'grad_norm': '0.5975', 'learning_rate': '0.0001434', 'epoch': '1.13'}
{'loss': '0.5892', 'grad_norm': '0.5971', 'learning_rate': '0.0001426', 'epoch': '1.139'}
{'loss': '0.5672', 'grad_norm': '0.591', 'learning_rate': '0.0001417', 'epoch': '1.147'}
{'loss': '0.5834', 'grad_norm': '0.5835', 'learning_rate': '0.0001409', 'epoch': '1.156'}
{'loss': '0.5677', 'grad_norm': '0.6048', 'learning_rate': '0.0001401', 'epoch': '1.164'}
{'loss': '0.5826', 'grad_norm': '0.5991', 'learning_rate': '0.0001392', 'epoch': '1.173'}
{'loss': '0.5861', 'grad_norm': '0.5958', 'learning_rate': '0.0001384', 'epoch': '1.181'}
{'loss': '0.5923', 'grad_norm': '0.6082', 'learning_rate': '0.0001375', 'epoch': '1.19'}
{'loss': '0.5809', 'grad_norm': '0.6092', 'learning_rate': '0.0001367', 'epoch': '1.198'}
{'loss': '0.5786', 'grad_norm': '0.5996', 'learning_rate': '0.0001358', 'epoch': '1.207'}
{'loss': '0.5855', 'grad_norm': '0.5674', 'learning_rate': '0.000135', 'epoch': '1.215'}
{'loss': '0.5776', 'grad_norm': '0.5834', 'learning_rate': '0.0001341', 'epoch': '1.224'}
{'loss': '0.5843', 'grad_norm': '0.6356', 'learning_rate': '0.0001332', 'epoch': '1.232'}
{'loss': '0.5823', 'grad_norm': '0.5724', 'learning_rate': '0.0001324', 'epoch': '1.241'}
{'loss': '0.5931', 'grad_norm': '0.5999', 'learning_rate': '0.0001315', 'epoch': '1.249'}
{'loss': '0.5914', 'grad_norm': '0.5481', 'learning_rate': '0.0001306', 'epoch': '1.258'}
{'loss': '0.5941', 'grad_norm': '0.5965', 'learning_rate': '0.0001298', 'epoch': '1.266'}
{'loss': '0.5854', 'grad_norm': '0.6362', 'learning_rate': '0.0001289', 'epoch': '1.275'}
{'loss': '0.582', 'grad_norm': '0.5902', 'learning_rate': '0.000128', 'epoch': '1.283'}
{'loss': '0.5889', 'grad_norm': '0.5607', 'learning_rate': '0.0001271', 'epoch': '1.292'}
{'loss': '0.5729', 'grad_norm': '0.586', 'learning_rate': '0.0001262', 'epoch': '1.3'}
{'loss': '0.5805', 'grad_norm': '0.6167', 'learning_rate': '0.0001254', 'epoch': '1.309'}
{'loss': '0.5712', 'grad_norm': '0.5727', 'learning_rate': '0.0001245', 'epoch': '1.317'}
{'loss': '0.5945', 'grad_norm': '0.5787', 'learning_rate': '0.0001236', 'epoch': '1.326'}
{'loss': '0.5898', 'grad_norm': '0.6259', 'learning_rate': '0.0001227', 'epoch': '1.334'}
{'loss': '0.5855', 'grad_norm': '0.5753', 'learning_rate': '0.0001218', 'epoch': '1.343'}
{'loss': '0.5996', 'grad_norm': '0.6056', 'learning_rate': '0.0001209', 'epoch': '1.351'}
{'loss': '0.592', 'grad_norm': '0.5941', 'learning_rate': '0.00012', 'epoch': '1.36'}
{'loss': '0.5873', 'grad_norm': '0.5683', 'learning_rate': '0.0001191', 'epoch': '1.368'}
{'loss': '0.5754', 'grad_norm': '0.5958', 'learning_rate': '0.0001182', 'epoch': '1.377'}
{'loss': '0.575', 'grad_norm': '0.5986', 'learning_rate': '0.0001173', 'epoch': '1.385'}
{'loss': '0.5836', 'grad_norm': '0.5876', 'learning_rate': '0.0001164', 'epoch': '1.394'}
{'loss': '0.5831', 'grad_norm': '0.6384', 'learning_rate': '0.0001155', 'epoch': '1.402'}
{'loss': '0.5911', 'grad_norm': '0.6035', 'learning_rate': '0.0001146', 'epoch': '1.411'}
{'loss': '0.5782', 'grad_norm': '0.6019', 'learning_rate': '0.0001137', 'epoch': '1.419'}
{'loss': '0.5788', 'grad_norm': '0.5951', 'learning_rate': '0.0001128', 'epoch': '1.428'}
{'loss': '0.5886', 'grad_norm': '0.5794', 'learning_rate': '0.0001119', 'epoch': '1.436'}
{'loss': '0.5712', 'grad_norm': '0.6242', 'learning_rate': '0.0001109', 'epoch': '1.445'}
{'loss': '0.6045', 'grad_norm': '0.627', 'learning_rate': '0.00011', 'epoch': '1.453'}
{'loss': '0.5798', 'grad_norm': '0.6283', 'learning_rate': '0.0001091', 'epoch': '1.462'}
{'loss': '0.5698', 'grad_norm': '0.6223', 'learning_rate': '0.0001082', 'epoch': '1.47'}
{'loss': '0.5952', 'grad_norm': '0.6307', 'learning_rate': '0.0001073', 'epoch': '1.479'}
{'loss': '0.5784', 'grad_norm': '0.6193', 'learning_rate': '0.0001064', 'epoch': '1.487'}
{'loss': '0.5583', 'grad_norm': '0.6236', 'learning_rate': '0.0001055', 'epoch': '1.496'}
{'loss': '0.5654', 'grad_norm': '0.5975', 'learning_rate': '0.0001045', 'epoch': '1.504'}
{'loss': '0.5792', 'grad_norm': '0.5901', 'learning_rate': '0.0001036', 'epoch': '1.513'}
{'loss': '0.5639', 'grad_norm': '0.6067', 'learning_rate': '0.0001027', 'epoch': '1.521'}
{'loss': '0.5756', 'grad_norm': '0.6183', 'learning_rate': '0.0001018', 'epoch': '1.53'}
{'loss': '0.5893', 'grad_norm': '0.5891', 'learning_rate': '0.0001009', 'epoch': '1.538'}
{'loss': '0.5759', 'grad_norm': '0.598', 'learning_rate': '9.995e-05', 'epoch': '1.547'}
{'loss': '0.5708', 'grad_norm': '0.5989', 'learning_rate': '9.904e-05', 'epoch': '1.555'}
{'loss': '0.5733', 'grad_norm': '0.6275', 'learning_rate': '9.812e-05', 'epoch': '1.564'}
{'loss': '0.5835', 'grad_norm': '0.5817', 'learning_rate': '9.72e-05', 'epoch': '1.572'}
{'loss': '0.585', 'grad_norm': '0.5908', 'learning_rate': '9.629e-05', 'epoch': '1.581'}
{'loss': '0.5636', 'grad_norm': '0.6255', 'learning_rate': '9.537e-05', 'epoch': '1.589'}
{'loss': '0.569', 'grad_norm': '0.6132', 'learning_rate': '9.445e-05', 'epoch': '1.598'}
{'loss': '0.5584', 'grad_norm': '0.5813', 'learning_rate': '9.354e-05', 'epoch': '1.606'}
{'loss': '0.5588', 'grad_norm': '0.6285', 'learning_rate': '9.262e-05', 'epoch': '1.615'}
{'loss': '0.5762', 'grad_norm': '0.6725', 'learning_rate': '9.171e-05', 'epoch': '1.623'}
{'loss': '0.5716', 'grad_norm': '0.5818', 'learning_rate': '9.079e-05', 'epoch': '1.632'}
{'loss': '0.5618', 'grad_norm': '0.643', 'learning_rate': '8.988e-05', 'epoch': '1.64'}
{'loss': '0.5724', 'grad_norm': '0.6026', 'learning_rate': '8.897e-05', 'epoch': '1.649'}
{'loss': '0.5763', 'grad_norm': '0.6642', 'learning_rate': '8.806e-05', 'epoch': '1.657'}
{'loss': '0.5606', 'grad_norm': '0.6102', 'learning_rate': '8.715e-05', 'epoch': '1.666'}
{'loss': '0.5682', 'grad_norm': '0.5931', 'learning_rate': '8.624e-05', 'epoch': '1.674'}
{'loss': '0.5478', 'grad_norm': '0.6142', 'learning_rate': '8.533e-05', 'epoch': '1.683'}
{'loss': '0.5716', 'grad_norm': '0.5852', 'learning_rate': '8.442e-05', 'epoch': '1.691'}
{'loss': '0.5663', 'grad_norm': '0.6454', 'learning_rate': '8.352e-05', 'epoch': '1.7'}
{'loss': '0.5669', 'grad_norm': '0.5939', 'learning_rate': '8.262e-05', 'epoch': '1.708'}
{'loss': '0.5774', 'grad_norm': '0.5914', 'learning_rate': '8.171e-05', 'epoch': '1.717'}
{'loss': '0.5615', 'grad_norm': '0.5989', 'learning_rate': '8.081e-05', 'epoch': '1.725'}
{'loss': '0.5614', 'grad_norm': '0.6179', 'learning_rate': '7.991e-05', 'epoch': '1.734'}
{'loss': '0.5527', 'grad_norm': '0.6242', 'learning_rate': '7.901e-05', 'epoch': '1.742'}
{'loss': '0.5664', 'grad_norm': '0.658', 'learning_rate': '7.812e-05', 'epoch': '1.751'}
{'loss': '0.5437', 'grad_norm': '0.5777', 'learning_rate': '7.722e-05', 'epoch': '1.759'}
{'loss': '0.5609', 'grad_norm': '0.5843', 'learning_rate': '7.633e-05', 'epoch': '1.768'}
{'loss': '0.5503', 'grad_norm': '0.6025', 'learning_rate': '7.544e-05', 'epoch': '1.776'}
{'loss': '0.5625', 'grad_norm': '0.5959', 'learning_rate': '7.455e-05', 'epoch': '1.785'}
{'loss': '0.5657', 'grad_norm': '0.6066', 'learning_rate': '7.367e-05', 'epoch': '1.793'}
{'loss': '0.5773', 'grad_norm': '0.5795', 'learning_rate': '7.278e-05', 'epoch': '1.802'}
{'loss': '0.5756', 'grad_norm': '0.6521', 'learning_rate': '7.19e-05', 'epoch': '1.81'}
{'loss': '0.5537', 'grad_norm': '0.6578', 'learning_rate': '7.102e-05', 'epoch': '1.819'}
{'loss': '0.5738', 'grad_norm': '0.6283', 'learning_rate': '7.015e-05', 'epoch': '1.827'}
{'loss': '0.5496', 'grad_norm': '0.6158', 'learning_rate': '6.927e-05', 'epoch': '1.836'}
{'loss': '0.5616', 'grad_norm': '0.6304', 'learning_rate': '6.84e-05', 'epoch': '1.844'}
{'loss': '0.5477', 'grad_norm': '0.6207', 'learning_rate': '6.753e-05', 'epoch': '1.853'}
{'loss': '0.5441', 'grad_norm': '0.6197', 'learning_rate': '6.667e-05', 'epoch': '1.861'}
{'loss': '0.5575', 'grad_norm': '0.6682', 'learning_rate': '6.58e-05', 'epoch': '1.87'}
{'loss': '0.5538', 'grad_norm': '0.6295', 'learning_rate': '6.494e-05', 'epoch': '1.878'}
{'loss': '0.5616', 'grad_norm': '0.6665', 'learning_rate': '6.408e-05', 'epoch': '1.887'}
{'loss': '0.5502', 'grad_norm': '0.5947', 'learning_rate': '6.323e-05', 'epoch': '1.895'}
{'loss': '0.5517', 'grad_norm': '0.6418', 'learning_rate': '6.238e-05', 'epoch': '1.904'}
{'loss': '0.5476', 'grad_norm': '0.579', 'learning_rate': '6.153e-05', 'epoch': '1.912'}
{'loss': '0.5508', 'grad_norm': '0.6087', 'learning_rate': '6.069e-05', 'epoch': '1.921'}
{'loss': '0.5848', 'grad_norm': '0.6045', 'learning_rate': '5.984e-05', 'epoch': '1.929'}
{'loss': '0.5623', 'grad_norm': '0.6386', 'learning_rate': '5.901e-05', 'epoch': '1.938'}
{'loss': '0.5605', 'grad_norm': '0.6717', 'learning_rate': '5.817e-05', 'epoch': '1.946'}
{'loss': '0.5524', 'grad_norm': '0.6121', 'learning_rate': '5.734e-05', 'epoch': '1.955'}
{'loss': '0.5503', 'grad_norm': '0.6184', 'learning_rate': '5.651e-05', 'epoch': '1.963'}
{'loss': '0.5535', 'grad_norm': '0.6267', 'learning_rate': '5.569e-05', 'epoch': '1.972'}
{'loss': '0.5474', 'grad_norm': '0.6796', 'learning_rate': '5.487e-05', 'epoch': '1.98'}
{'loss': '0.5559', 'grad_norm': '0.6321', 'learning_rate': '5.405e-05', 'epoch': '1.989'}
{'loss': '0.5521', 'grad_norm': '0.6537', 'learning_rate': '5.324e-05', 'epoch': '1.997'}
[A
                                                   [A
{'eval_loss': '0.6872', 'eval_runtime': '583.6', 'eval_samples_per_second': '4.468', 'eval_steps_per_second': '4.468', 'epoch': '2'}
{'loss': '0.4691', 'grad_norm': '0.5279', 'learning_rate': '5.243e-05', 'epoch': '2.005'}
{'loss': '0.4122', 'grad_norm': '0.6232', 'learning_rate': '5.162e-05', 'epoch': '2.014'}
{'loss': '0.4147', 'grad_norm': '0.6883', 'learning_rate': '5.082e-05', 'epoch': '2.022'}
{'loss': '0.3985', 'grad_norm': '0.6245', 'learning_rate': '5.003e-05', 'epoch': '2.031'}
{'loss': '0.3848', 'grad_norm': '0.6482', 'learning_rate': '4.923e-05', 'epoch': '2.039'}
{'loss': '0.404', 'grad_norm': '0.648', 'learning_rate': '4.845e-05', 'epoch': '2.048'}
{'loss': '0.3967', 'grad_norm': '0.6528', 'learning_rate': '4.766e-05', 'epoch': '2.056'}
{'loss': '0.4047', 'grad_norm': '0.7017', 'learning_rate': '4.688e-05', 'epoch': '2.065'}
{'loss': '0.4076', 'grad_norm': '0.6362', 'learning_rate': '4.611e-05', 'epoch': '2.073'}
{'loss': '0.398', 'grad_norm': '0.688', 'learning_rate': '4.534e-05', 'epoch': '2.082'}
{'loss': '0.386', 'grad_norm': '0.6888', 'learning_rate': '4.457e-05', 'epoch': '2.09'}
{'loss': '0.4012', 'grad_norm': '0.6943', 'learning_rate': '4.381e-05', 'epoch': '2.099'}
{'loss': '0.3921', 'grad_norm': '0.6841', 'learning_rate': '4.305e-05', 'epoch': '2.107'}
{'loss': '0.4014', 'grad_norm': '0.709', 'learning_rate': '4.23e-05', 'epoch': '2.116'}
{'loss': '0.4026', 'grad_norm': '0.7233', 'learning_rate': '4.156e-05', 'epoch': '2.124'}
{'loss': '0.4022', 'grad_norm': '0.7154', 'learning_rate': '4.081e-05', 'epoch': '2.133'}
{'loss': '0.4029', 'grad_norm': '0.6503', 'learning_rate': '4.008e-05', 'epoch': '2.141'}
{'loss': '0.3997', 'grad_norm': '0.7139', 'learning_rate': '3.935e-05', 'epoch': '2.15'}
{'loss': '0.39', 'grad_norm': '0.6984', 'learning_rate': '3.862e-05', 'epoch': '2.158'}
{'loss': '0.4019', 'grad_norm': '0.7161', 'learning_rate': '3.79e-05', 'epoch': '2.167'}
{'loss': '0.4084', 'grad_norm': '0.7221', 'learning_rate': '3.718e-05', 'epoch': '2.175'}
{'loss': '0.4007', 'grad_norm': '0.7351', 'learning_rate': '3.647e-05', 'epoch': '2.184'}
{'loss': '0.4049', 'grad_norm': '0.6878', 'learning_rate': '3.576e-05', 'epoch': '2.192'}
{'loss': '0.3955', 'grad_norm': '0.7162', 'learning_rate': '3.506e-05', 'epoch': '2.201'}
{'loss': '0.3843', 'grad_norm': '0.7017', 'learning_rate': '3.437e-05', 'epoch': '2.209'}
{'loss': '0.3859', 'grad_norm': '0.7155', 'learning_rate': '3.368e-05', 'epoch': '2.218'}
{'loss': '0.3981', 'grad_norm': '0.7143', 'learning_rate': '3.3e-05', 'epoch': '2.226'}
{'loss': '0.398', 'grad_norm': '0.7019', 'learning_rate': '3.232e-05', 'epoch': '2.235'}
{'loss': '0.3992', 'grad_norm': '0.6651', 'learning_rate': '3.165e-05', 'epoch': '2.243'}
{'loss': '0.3807', 'grad_norm': '0.7127', 'learning_rate': '3.098e-05', 'epoch': '2.252'}
{'loss': '0.3969', 'grad_norm': '0.71', 'learning_rate': '3.032e-05', 'epoch': '2.26'}
{'loss': '0.3913', 'grad_norm': '0.7375', 'learning_rate': '2.966e-05', 'epoch': '2.269'}
{'loss': '0.3917', 'grad_norm': '0.7487', 'learning_rate': '2.901e-05', 'epoch': '2.277'}
{'loss': '0.3942', 'grad_norm': '0.6755', 'learning_rate': '2.837e-05', 'epoch': '2.286'}
{'loss': '0.4062', 'grad_norm': '0.6961', 'learning_rate': '2.773e-05', 'epoch': '2.294'}
{'loss': '0.3958', 'grad_norm': '0.6927', 'learning_rate': '2.71e-05', 'epoch': '2.303'}
{'loss': '0.395', 'grad_norm': '0.665', 'learning_rate': '2.648e-05', 'epoch': '2.311'}
{'loss': '0.3983', 'grad_norm': '0.7192', 'learning_rate': '2.586e-05', 'epoch': '2.32'}
{'loss': '0.3872', 'grad_norm': '0.7386', 'learning_rate': '2.525e-05', 'epoch': '2.328'}
{'loss': '0.3915', 'grad_norm': '0.7558', 'learning_rate': '2.464e-05', 'epoch': '2.337'}
{'loss': '0.3879', 'grad_norm': '0.7906', 'learning_rate': '2.404e-05', 'epoch': '2.345'}
{'loss': '0.3939', 'grad_norm': '0.6982', 'learning_rate': '2.345e-05', 'epoch': '2.354'}
{'loss': '0.386', 'grad_norm': '0.726', 'learning_rate': '2.286e-05', 'epoch': '2.362'}
{'loss': '0.3861', 'grad_norm': '0.7703', 'learning_rate': '2.228e-05', 'epoch': '2.371'}
{'loss': '0.4136', 'grad_norm': '0.7839', 'learning_rate': '2.171e-05', 'epoch': '2.379'}
{'loss': '0.4063', 'grad_norm': '0.7063', 'learning_rate': '2.114e-05', 'epoch': '2.388'}
{'loss': '0.3917', 'grad_norm': '0.7088', 'learning_rate': '2.058e-05', 'epoch': '2.396'}
{'loss': '0.395', 'grad_norm': '0.6826', 'learning_rate': '2.002e-05', 'epoch': '2.405'}
{'loss': '0.3843', 'grad_norm': '0.7503', 'learning_rate': '1.948e-05', 'epoch': '2.413'}
{'loss': '0.3841', 'grad_norm': '0.7042', 'learning_rate': '1.894e-05', 'epoch': '2.422'}
{'loss': '0.3801', 'grad_norm': '0.6822', 'learning_rate': '1.84e-05', 'epoch': '2.43'}
{'loss': '0.4008', 'grad_norm': '0.7631', 'learning_rate': '1.788e-05', 'epoch': '2.439'}
{'loss': '0.387', 'grad_norm': '0.7053', 'learning_rate': '1.736e-05', 'epoch': '2.447'}
{'loss': '0.3867', 'grad_norm': '0.7018', 'learning_rate': '1.684e-05', 'epoch': '2.456'}
{'loss': '0.3768', 'grad_norm': '0.7375', 'learning_rate': '1.634e-05', 'epoch': '2.464'}
{'loss': '0.3946', 'grad_norm': '0.7233', 'learning_rate': '1.584e-05', 'epoch': '2.473'}
{'loss': '0.3951', 'grad_norm': '0.7633', 'learning_rate': '1.535e-05', 'epoch': '2.481'}
{'loss': '0.3894', 'grad_norm': '0.7288', 'learning_rate': '1.486e-05', 'epoch': '2.49'}
{'loss': '0.3893', 'grad_norm': '0.7346', 'learning_rate': '1.438e-05', 'epoch': '2.498'}
{'loss': '0.3893', 'grad_norm': '0.7611', 'learning_rate': '1.391e-05', 'epoch': '2.507'}
{'loss': '0.3919', 'grad_norm': '0.7679', 'learning_rate': '1.345e-05', 'epoch': '2.515'}
{'loss': '0.3965', 'grad_norm': '0.7055', 'learning_rate': '1.3e-05', 'epoch': '2.524'}
{'loss': '0.3806', 'grad_norm': '0.7541', 'learning_rate': '1.255e-05', 'epoch': '2.532'}
{'loss': '0.3902', 'grad_norm': '0.7097', 'learning_rate': '1.211e-05', 'epoch': '2.541'}
{'loss': '0.3835', 'grad_norm': '0.7269', 'learning_rate': '1.167e-05', 'epoch': '2.549'}
{'loss': '0.3834', 'grad_norm': '0.6935', 'learning_rate': '1.125e-05', 'epoch': '2.558'}
{'loss': '0.3861', 'grad_norm': '0.7085', 'learning_rate': '1.083e-05', 'epoch': '2.566'}
{'loss': '0.3833', 'grad_norm': '0.7638', 'learning_rate': '1.042e-05', 'epoch': '2.575'}
{'loss': '0.3839', 'grad_norm': '0.7811', 'learning_rate': '1.001e-05', 'epoch': '2.583'}
{'loss': '0.3778', 'grad_norm': '0.7121', 'learning_rate': '9.615e-06', 'epoch': '2.592'}
{'loss': '0.3854', 'grad_norm': '0.7119', 'learning_rate': '9.227e-06', 'epoch': '2.6'}
{'loss': '0.3979', 'grad_norm': '0.6839', 'learning_rate': '8.846e-06', 'epoch': '2.609'}
{'loss': '0.3783', 'grad_norm': '0.7192', 'learning_rate': '8.472e-06', 'epoch': '2.617'}
{'loss': '0.3639', 'grad_norm': '0.7106', 'learning_rate': '8.107e-06', 'epoch': '2.626'}
{'loss': '0.3847', 'grad_norm': '0.7823', 'learning_rate': '7.749e-06', 'epoch': '2.634'}
{'loss': '0.3887', 'grad_norm': '0.7437', 'learning_rate': '7.399e-06', 'epoch': '2.643'}
{'loss': '0.3823', 'grad_norm': '0.7527', 'learning_rate': '7.056e-06', 'epoch': '2.651'}
{'loss': '0.388', 'grad_norm': '0.7683', 'learning_rate': '6.722e-06', 'epoch': '2.66'}
{'loss': '0.3841', 'grad_norm': '0.7326', 'learning_rate': '6.395e-06', 'epoch': '2.668'}
{'loss': '0.3855', 'grad_norm': '0.7378', 'learning_rate': '6.076e-06', 'epoch': '2.677'}
{'loss': '0.3849', 'grad_norm': '0.7117', 'learning_rate': '5.765e-06', 'epoch': '2.685'}
{'loss': '0.3706', 'grad_norm': '0.6866', 'learning_rate': '5.462e-06', 'epoch': '2.694'}
{'loss': '0.405', 'grad_norm': '0.8073', 'learning_rate': '5.167e-06', 'epoch': '2.702'}
{'loss': '0.4002', 'grad_norm': '0.747', 'learning_rate': '4.88e-06', 'epoch': '2.711'}
{'loss': '0.3613', 'grad_norm': '0.7287', 'learning_rate': '4.601e-06', 'epoch': '2.719'}
{'loss': '0.3919', 'grad_norm': '0.7847', 'learning_rate': '4.33e-06', 'epoch': '2.728'}
{'loss': '0.3749', 'grad_norm': '0.6805', 'learning_rate': '4.067e-06', 'epoch': '2.736'}
{'loss': '0.3907', 'grad_norm': '0.7395', 'learning_rate': '3.812e-06', 'epoch': '2.745'}
{'loss': '0.3669', 'grad_norm': '0.7208', 'learning_rate': '3.565e-06', 'epoch': '2.753'}
{'loss': '0.3836', 'grad_norm': '0.6952', 'learning_rate': '3.327e-06', 'epoch': '2.762'}
{'loss': '0.3946', 'grad_norm': '0.7261', 'learning_rate': '3.096e-06', 'epoch': '2.77'}
{'loss': '0.3903', 'grad_norm': '0.7514', 'learning_rate': '2.874e-06', 'epoch': '2.779'}
{'loss': '0.408', 'grad_norm': '0.6953', 'learning_rate': '2.66e-06', 'epoch': '2.787'}
{'loss': '0.3958', 'grad_norm': '0.7257', 'learning_rate': '2.454e-06', 'epoch': '2.796'}
{'loss': '0.3805', 'grad_norm': '0.7293', 'learning_rate': '2.256e-06', 'epoch': '2.804'}
{'loss': '0.381', 'grad_norm': '0.7537', 'learning_rate': '2.066e-06', 'epoch': '2.813'}
{'loss': '0.3832', 'grad_norm': '0.744', 'learning_rate': '1.885e-06', 'epoch': '2.821'}
{'loss': '0.3839', 'grad_norm': '0.7397', 'learning_rate': '1.712e-06', 'epoch': '2.83'}
{'loss': '0.3845', 'grad_norm': '0.7284', 'learning_rate': '1.547e-06', 'epoch': '2.838'}
{'loss': '0.384', 'grad_norm': '0.7724', 'learning_rate': '1.39e-06', 'epoch': '2.847'}
{'loss': '0.3859', 'grad_norm': '0.7421', 'learning_rate': '1.242e-06', 'epoch': '2.855'}
{'loss': '0.3852', 'grad_norm': '0.6769', 'learning_rate': '1.102e-06', 'epoch': '2.864'}
{'loss': '0.3863', 'grad_norm': '0.747', 'learning_rate': '9.704e-07', 'epoch': '2.872'}
{'loss': '0.3908', 'grad_norm': '0.7156', 'learning_rate': '8.471e-07', 'epoch': '2.881'}
{'loss': '0.4024', 'grad_norm': '0.6827', 'learning_rate': '7.321e-07', 'epoch': '2.889'}
{'loss': '0.3893', 'grad_norm': '0.7316', 'learning_rate': '6.255e-07', 'epoch': '2.898'}
{'loss': '0.3784', 'grad_norm': '0.7363', 'learning_rate': '5.272e-07', 'epoch': '2.906'}
{'loss': '0.3889', 'grad_norm': '0.711', 'learning_rate': '4.374e-07', 'epoch': '2.915'}
{'loss': '0.3987', 'grad_norm': '0.7433', 'learning_rate': '3.558e-07', 'epoch': '2.923'}
{'loss': '0.3723', 'grad_norm': '0.7065', 'learning_rate': '2.827e-07', 'epoch': '2.932'}
{'loss': '0.3909', 'grad_norm': '0.7141', 'learning_rate': '2.18e-07', 'epoch': '2.94'}
{'loss': '0.3866', 'grad_norm': '0.7422', 'learning_rate': '1.617e-07', 'epoch': '2.949'}
{'loss': '0.3761', 'grad_norm': '0.7286', 'learning_rate': '1.137e-07', 'epoch': '2.957'}
{'loss': '0.3849', 'grad_norm': '0.7971', 'learning_rate': '7.42e-08', 'epoch': '2.966'}
{'loss': '0.3821', 'grad_norm': '0.712', 'learning_rate': '4.307e-08', 'epoch': '2.974'}
{'loss': '0.3897', 'grad_norm': '0.7731', 'learning_rate': '2.036e-08', 'epoch': '2.983'}
{'loss': '0.3846', 'grad_norm': '0.7476', 'learning_rate': '6.058e-09', 'epoch': '2.991'}
{'loss': '0.3873', 'grad_norm': '0.7354', 'learning_rate': '1.683e-10', 'epoch': '3'}
[A
                                                   [A
{'eval_loss': '0.7519', 'eval_runtime': '585.5', 'eval_samples_per_second': '4.454', 'eval_steps_per_second': '4.454', 'epoch': '3'}
{'train_runtime': '4.196e+04', 'train_samples_per_second': '1.346', 'train_steps_per_second': '0.084', 'train_loss': '0.5784', 'epoch': '3'}
adapter saved to runs/scale_qwen2.5_3B/adapter_with_thoughts
=== 3B with_thoughts process exited Monday 05 October 2026 06:35:05 AM IST; adapter: runs/scale_qwen2.5_3B/adapter_with_thoughts/adapter_config.json
skip 3B with_thoughts: adapter exists
=== 3B wo_thoughts start Monday 05 October 2026 06:11:14 PM IST
[transformers] `torch_dtype` is deprecated! Use `dtype` instead!
trainable params: 59,867,136 || all params: 3,145,805,824 || trainable%: 1.9031
=== 3B wo_thoughts FAILED Monday 05 October 2026 07:28:04 PM IST
skip 3B with_thoughts: adapter exists
=== 3B wo_thoughts start Monday 05 October 2026 09:49:14 PM IST
[transformers] `torch_dtype` is deprecated! Use `dtype` instead!
trainable params: 59,867,136 || all params: 3,145,805,824 || trainable%: 1.9031
{'loss': '1.452', 'grad_norm': '3.331', 'learning_rate': '1.698e-05', 'epoch': '0.008501'}
{'loss': '1.086', 'grad_norm': '1.566', 'learning_rate': '3.585e-05', 'epoch': '0.017'}
{'loss': '0.9322', 'grad_norm': '1.923', 'learning_rate': '5.472e-05', 'epoch': '0.0255'}
{'loss': '0.8901', 'grad_norm': '1.153', 'learning_rate': '7.358e-05', 'epoch': '0.034'}
{'loss': '0.897', 'grad_norm': '1.272', 'learning_rate': '9.245e-05', 'epoch': '0.04251'}
{'loss': '0.8396', 'grad_norm': '1.401', 'learning_rate': '0.0001113', 'epoch': '0.05101'}
{'loss': '0.8633', 'grad_norm': '1.122', 'learning_rate': '0.0001302', 'epoch': '0.05951'}
{'loss': '0.8218', 'grad_norm': '1.177', 'learning_rate': '0.0001491', 'epoch': '0.06801'}
{'loss': '0.8566', 'grad_norm': '0.8927', 'learning_rate': '0.0001679', 'epoch': '0.07651'}
{'loss': '0.8735', 'grad_norm': '1.038', 'learning_rate': '0.0001868', 'epoch': '0.08501'}
{'loss': '0.8617', 'grad_norm': '0.981', 'learning_rate': '0.0002', 'epoch': '0.09351'}
{'loss': '0.8217', 'grad_norm': '1.021', 'learning_rate': '0.0002', 'epoch': '0.102'}
{'loss': '0.8356', 'grad_norm': '0.9641', 'learning_rate': '0.0002', 'epoch': '0.1105'}
{'loss': '0.8413', 'grad_norm': '0.988', 'learning_rate': '0.0002', 'epoch': '0.119'}
{'loss': '0.8715', 'grad_norm': '1.001', 'learning_rate': '0.0001999', 'epoch': '0.1275'}
{'loss': '0.8048', 'grad_norm': '0.9885', 'learning_rate': '0.0001999', 'epoch': '0.136'}
{'loss': '0.7954', 'grad_norm': '0.8503', 'learning_rate': '0.0001998', 'epoch': '0.1445'}
{'loss': '0.782', 'grad_norm': '0.9051', 'learning_rate': '0.0001998', 'epoch': '0.153'}
{'loss': '0.7768', 'grad_norm': '0.8188', 'learning_rate': '0.0001997', 'epoch': '0.1615'}
{'loss': '0.8246', 'grad_norm': '0.9789', 'learning_rate': '0.0001996', 'epoch': '0.17'}
{'loss': '0.795', 'grad_norm': '0.9034', 'learning_rate': '0.0001996', 'epoch': '0.1785'}
{'loss': '0.8354', 'grad_norm': '1.007', 'learning_rate': '0.0001995', 'epoch': '0.187'}
{'loss': '0.8059', 'grad_norm': '0.9507', 'learning_rate': '0.0001994', 'epoch': '0.1955'}
{'loss': '0.7981', 'grad_norm': '0.9681', 'learning_rate': '0.0001993', 'epoch': '0.204'}
{'loss': '0.8024', 'grad_norm': '1.051', 'learning_rate': '0.0001991', 'epoch': '0.2125'}
{'loss': '0.7893', 'grad_norm': '0.8866', 'learning_rate': '0.000199', 'epoch': '0.221'}
{'loss': '0.8095', 'grad_norm': '0.9505', 'learning_rate': '0.0001989', 'epoch': '0.2295'}
{'loss': '0.8089', 'grad_norm': '0.8189', 'learning_rate': '0.0001987', 'epoch': '0.238'}
{'loss': '0.8166', 'grad_norm': '0.8768', 'learning_rate': '0.0001986', 'epoch': '0.2465'}
{'loss': '0.7952', 'grad_norm': '0.8873', 'learning_rate': '0.0001984', 'epoch': '0.255'}
{'loss': '0.7407', 'grad_norm': '0.9275', 'learning_rate': '0.0001983', 'epoch': '0.2635'}
{'loss': '0.7722', 'grad_norm': '0.842', 'learning_rate': '0.0001981', 'epoch': '0.272'}
{'loss': '0.7862', 'grad_norm': '0.8573', 'learning_rate': '0.0001979', 'epoch': '0.2805'}
{'loss': '0.7714', 'grad_norm': '0.9706', 'learning_rate': '0.0001977', 'epoch': '0.289'}
{'loss': '0.7847', 'grad_norm': '0.866', 'learning_rate': '0.0001975', 'epoch': '0.2975'}
{'loss': '0.7751', 'grad_norm': '0.9779', 'learning_rate': '0.0001973', 'epoch': '0.306'}
{'loss': '0.7897', 'grad_norm': '0.9044', 'learning_rate': '0.0001971', 'epoch': '0.3145'}
{'loss': '0.7768', 'grad_norm': '1.01', 'learning_rate': '0.0001969', 'epoch': '0.323'}
{'loss': '0.7688', 'grad_norm': '0.8532', 'learning_rate': '0.0001966', 'epoch': '0.3315'}
{'loss': '0.8003', 'grad_norm': '0.8649', 'learning_rate': '0.0001964', 'epoch': '0.34'}
{'loss': '0.7605', 'grad_norm': '0.8808', 'learning_rate': '0.0001962', 'epoch': '0.3485'}
{'loss': '0.7682', 'grad_norm': '0.8864', 'learning_rate': '0.0001959', 'epoch': '0.357'}
{'loss': '0.7712', 'grad_norm': '0.8244', 'learning_rate': '0.0001956', 'epoch': '0.3655'}
{'loss': '0.7807', 'grad_norm': '0.8199', 'learning_rate': '0.0001954', 'epoch': '0.3741'}
{'loss': '0.7678', 'grad_norm': '0.8996', 'learning_rate': '0.0001951', 'epoch': '0.3826'}
{'loss': '0.7548', 'grad_norm': '0.8213', 'learning_rate': '0.0001948', 'epoch': '0.3911'}
{'loss': '0.7716', 'grad_norm': '0.87', 'learning_rate': '0.0001945', 'epoch': '0.3996'}
{'loss': '0.7617', 'grad_norm': '0.7512', 'learning_rate': '0.0001942', 'epoch': '0.4081'}
{'loss': '0.7476', 'grad_norm': '1.956', 'learning_rate': '0.0001939', 'epoch': '0.4166'}
{'loss': '0.8084', 'grad_norm': '1.23', 'learning_rate': '0.0001936', 'epoch': '0.4251'}
{'loss': '0.7889', 'grad_norm': '0.8664', 'learning_rate': '0.0001932', 'epoch': '0.4336'}
{'loss': '0.7728', 'grad_norm': '0.8208', 'learning_rate': '0.0001929', 'epoch': '0.4421'}
{'loss': '0.7763', 'grad_norm': '8.916', 'learning_rate': '0.0001926', 'epoch': '0.4506'}
{'loss': '0.7587', 'grad_norm': '0.7634', 'learning_rate': '0.0001922', 'epoch': '0.4591'}
{'loss': '0.7458', 'grad_norm': '0.8476', 'learning_rate': '0.0001919', 'epoch': '0.4676'}
{'loss': '0.7631', 'grad_norm': '0.8742', 'learning_rate': '0.0001915', 'epoch': '0.4761'}
{'loss': '0.7517', 'grad_norm': '0.9036', 'learning_rate': '0.0001911', 'epoch': '0.4846'}
{'loss': '0.7591', 'grad_norm': '0.9451', 'learning_rate': '0.0001907', 'epoch': '0.4931'}
{'loss': '0.7497', 'grad_norm': '0.8499', 'learning_rate': '0.0001903', 'epoch': '0.5016'}
{'loss': '0.7524', 'grad_norm': '0.8369', 'learning_rate': '0.0001899', 'epoch': '0.5101'}
{'loss': '0.755', 'grad_norm': '0.8405', 'learning_rate': '0.0001895', 'epoch': '0.5186'}
{'loss': '0.735', 'grad_norm': '0.8897', 'learning_rate': '0.0001891', 'epoch': '0.5271'}
{'loss': '0.7269', 'grad_norm': '0.9267', 'learning_rate': '0.0001887', 'epoch': '0.5356'}
{'loss': '0.7712', 'grad_norm': '0.8384', 'learning_rate': '0.0001883', 'epoch': '0.5441'}
{'loss': '0.7863', 'grad_norm': '0.8445', 'learning_rate': '0.0001879', 'epoch': '0.5526'}
{'loss': '0.7782', 'grad_norm': '0.8741', 'learning_rate': '0.0001874', 'epoch': '0.5611'}
{'loss': '0.753', 'grad_norm': '0.9592', 'learning_rate': '0.000187', 'epoch': '0.5696'}
{'loss': '0.7864', 'grad_norm': '0.851', 'learning_rate': '0.0001865', 'epoch': '0.5781'}
{'loss': '0.7377', 'grad_norm': '0.8104', 'learning_rate': '0.000186', 'epoch': '0.5866'}
{'loss': '0.7524', 'grad_norm': '0.7833', 'learning_rate': '0.0001856', 'epoch': '0.5951'}
{'loss': '0.7659', 'grad_norm': '0.8366', 'learning_rate': '0.0001851', 'epoch': '0.6036'}
{'loss': '0.7423', 'grad_norm': '0.872', 'learning_rate': '0.0001846', 'epoch': '0.6121'}
{'loss': '0.7577', 'grad_norm': '0.8043', 'learning_rate': '0.0001841', 'epoch': '0.6206'}
{'loss': '0.7511', 'grad_norm': '0.8652', 'learning_rate': '0.0001836', 'epoch': '0.6291'}
{'loss': '0.7406', 'grad_norm': '0.8561', 'learning_rate': '0.0001831', 'epoch': '0.6376'}
{'loss': '0.7613', 'grad_norm': '0.8471', 'learning_rate': '0.0001826', 'epoch': '0.6461'}
{'loss': '0.7523', 'grad_norm': '0.8967', 'learning_rate': '0.0001821', 'epoch': '0.6546'}
{'loss': '0.7547', 'grad_norm': '0.9558', 'learning_rate': '0.0001815', 'epoch': '0.6631'}
{'loss': '0.7477', 'grad_norm': '0.808', 'learning_rate': '0.000181', 'epoch': '0.6716'}
{'loss': '0.7452', 'grad_norm': '0.9152', 'learning_rate': '0.0001805', 'epoch': '0.6801'}
{'loss': '0.7619', 'grad_norm': '0.7975', 'learning_rate': '0.0001799', 'epoch': '0.6886'}
{'loss': '0.7532', 'grad_norm': '0.8339', 'learning_rate': '0.0001794', 'epoch': '0.6971'}
{'loss': '0.7561', 'grad_norm': '0.8791', 'learning_rate': '0.0001788', 'epoch': '0.7056'}
{'loss': '0.7683', 'grad_norm': '0.899', 'learning_rate': '0.0001782', 'epoch': '0.7141'}
{'loss': '0.7559', 'grad_norm': '0.8627', 'learning_rate': '0.0001777', 'epoch': '0.7226'}
{'loss': '0.7283', 'grad_norm': '0.7775', 'learning_rate': '0.0001771', 'epoch': '0.7311'}
{'loss': '0.7754', 'grad_norm': '0.8001', 'learning_rate': '0.0001765', 'epoch': '0.7396'}
{'loss': '0.7434', 'grad_norm': '0.9049', 'learning_rate': '0.0001759', 'epoch': '0.7481'}
{'loss': '0.7574', 'grad_norm': '0.8492', 'learning_rate': '0.0001753', 'epoch': '0.7566'}
{'loss': '0.7548', 'grad_norm': '0.9276', 'learning_rate': '0.0001747', 'epoch': '0.7651'}
{'loss': '0.768', 'grad_norm': '0.8863', 'learning_rate': '0.0001741', 'epoch': '0.7736'}
{'loss': '0.765', 'grad_norm': '0.8843', 'learning_rate': '0.0001735', 'epoch': '0.7821'}
{'loss': '0.7465', 'grad_norm': '0.9059', 'learning_rate': '0.0001728', 'epoch': '0.7906'}
{'loss': '0.7545', 'grad_norm': '0.8508', 'learning_rate': '0.0001722', 'epoch': '0.7991'}
{'loss': '0.7386', 'grad_norm': '0.9315', 'learning_rate': '0.0001716', 'epoch': '0.8076'}
{'loss': '0.7194', 'grad_norm': '0.8398', 'learning_rate': '0.0001709', 'epoch': '0.8161'}
{'loss': '0.7201', 'grad_norm': '0.8353', 'learning_rate': '0.0001703', 'epoch': '0.8246'}
{'loss': '0.7804', 'grad_norm': '0.9558', 'learning_rate': '0.0001696', 'epoch': '0.8331'}
{'loss': '0.7343', 'grad_norm': '0.882', 'learning_rate': '0.000169', 'epoch': '0.8416'}
{'loss': '0.7474', 'grad_norm': '0.8706', 'learning_rate': '0.0001683', 'epoch': '0.8501'}
{'loss': '0.7649', 'grad_norm': '0.8423', 'learning_rate': '0.0001676', 'epoch': '0.8586'}
{'loss': '0.7449', 'grad_norm': '0.8513', 'learning_rate': '0.0001669', 'epoch': '0.8671'}
{'loss': '0.7343', 'grad_norm': '0.8797', 'learning_rate': '0.0001663', 'epoch': '0.8756'}
{'loss': '0.7358', 'grad_norm': '0.9821', 'learning_rate': '0.0001656', 'epoch': '0.8841'}
{'loss': '0.7428', 'grad_norm': '0.7791', 'learning_rate': '0.0001649', 'epoch': '0.8926'}
{'loss': '0.7108', 'grad_norm': '0.8521', 'learning_rate': '0.0001642', 'epoch': '0.9011'}
{'loss': '0.7222', 'grad_norm': '0.8913', 'learning_rate': '0.0001635', 'epoch': '0.9096'}
{'loss': '0.712', 'grad_norm': '0.8511', 'learning_rate': '0.0001627', 'epoch': '0.9181'}
{'loss': '0.7462', 'grad_norm': '0.8458', 'learning_rate': '0.000162', 'epoch': '0.9266'}
{'loss': '0.6867', 'grad_norm': '0.7975', 'learning_rate': '0.0001613', 'epoch': '0.9351'}
{'loss': '0.6958', 'grad_norm': '0.9018', 'learning_rate': '0.0001606', 'epoch': '0.9436'}
{'loss': '0.7553', 'grad_norm': '0.9419', 'learning_rate': '0.0001598', 'epoch': '0.9521'}
{'loss': '0.7581', 'grad_norm': '0.801', 'learning_rate': '0.0001591', 'epoch': '0.9606'}
{'loss': '0.735', 'grad_norm': '0.9141', 'learning_rate': '0.0001584', 'epoch': '0.9691'}
{'loss': '0.7468', 'grad_norm': '0.7997', 'learning_rate': '0.0001576', 'epoch': '0.9776'}
{'loss': '0.7407', 'grad_norm': '0.8038', 'learning_rate': '0.0001569', 'epoch': '0.9861'}
{'loss': '0.7012', 'grad_norm': '0.8302', 'learning_rate': '0.0001561', 'epoch': '0.9946'}
[A
                                                   [AWarning: You are sending unauthenticated requests to the HF Hub. Please set a HF_TOKEN to enable higher rate limits and faster downloads.
{'eval_loss': '0.7177', 'eval_runtime': '517.7', 'eval_samples_per_second': '5.037', 'eval_steps_per_second': '5.037', 'epoch': '1'}
{'loss': '0.677', 'grad_norm': '0.817', 'learning_rate': '0.0001554', 'epoch': '1.003'}
{'loss': '0.5635', 'grad_norm': '0.8983', 'learning_rate': '0.0001546', 'epoch': '1.011'}
{'loss': '0.5673', 'grad_norm': '0.9108', 'learning_rate': '0.0001538', 'epoch': '1.02'}
{'loss': '0.5352', 'grad_norm': '0.8082', 'learning_rate': '0.000153', 'epoch': '1.028'}
{'loss': '0.555', 'grad_norm': '0.9631', 'learning_rate': '0.0001523', 'epoch': '1.037'}
{'loss': '0.5487', 'grad_norm': '0.9411', 'learning_rate': '0.0001515', 'epoch': '1.045'}
{'loss': '0.5697', 'grad_norm': '1.039', 'learning_rate': '0.0001507', 'epoch': '1.054'}
{'loss': '0.5289', 'grad_norm': '0.9624', 'learning_rate': '0.0001499', 'epoch': '1.062'}
{'loss': '0.5751', 'grad_norm': '0.9293', 'learning_rate': '0.0001491', 'epoch': '1.071'}
{'loss': '0.5505', 'grad_norm': '0.9828', 'learning_rate': '0.0001483', 'epoch': '1.079'}
{'loss': '0.5632', 'grad_norm': '0.9878', 'learning_rate': '0.0001475', 'epoch': '1.088'}
{'loss': '0.5553', 'grad_norm': '0.9189', 'learning_rate': '0.0001467', 'epoch': '1.096'}
{'loss': '0.5493', 'grad_norm': '0.8922', 'learning_rate': '0.0001459', 'epoch': '1.105'}
{'loss': '0.5466', 'grad_norm': '0.9062', 'learning_rate': '0.0001451', 'epoch': '1.113'}
{'loss': '0.5513', 'grad_norm': '0.9368', 'learning_rate': '0.0001442', 'epoch': '1.122'}
{'loss': '0.5721', 'grad_norm': '1.002', 'learning_rate': '0.0001434', 'epoch': '1.13'}
{'loss': '0.5566', 'grad_norm': '0.9511', 'learning_rate': '0.0001426', 'epoch': '1.139'}
{'loss': '0.5429', 'grad_norm': '0.9814', 'learning_rate': '0.0001417', 'epoch': '1.147'}
{'loss': '0.5604', 'grad_norm': '0.9876', 'learning_rate': '0.0001409', 'epoch': '1.156'}
{'loss': '0.5302', 'grad_norm': '0.9408', 'learning_rate': '0.0001401', 'epoch': '1.164'}
{'loss': '0.5343', 'grad_norm': '0.9636', 'learning_rate': '0.0001392', 'epoch': '1.173'}
{'loss': '0.5589', 'grad_norm': '1.009', 'learning_rate': '0.0001384', 'epoch': '1.181'}
{'loss': '0.5546', 'grad_norm': '1.035', 'learning_rate': '0.0001375', 'epoch': '1.19'}
{'loss': '0.5517', 'grad_norm': '1.026', 'learning_rate': '0.0001367', 'epoch': '1.198'}
{'loss': '0.5489', 'grad_norm': '1.076', 'learning_rate': '0.0001358', 'epoch': '1.207'}
{'loss': '0.5555', 'grad_norm': '0.9457', 'learning_rate': '0.000135', 'epoch': '1.215'}
{'loss': '0.5364', 'grad_norm': '0.9287', 'learning_rate': '0.0001341', 'epoch': '1.224'}
{'loss': '0.5337', 'grad_norm': '1.025', 'learning_rate': '0.0001332', 'epoch': '1.232'}
{'loss': '0.5514', 'grad_norm': '0.9321', 'learning_rate': '0.0001324', 'epoch': '1.241'}
{'loss': '0.5611', 'grad_norm': '0.9036', 'learning_rate': '0.0001315', 'epoch': '1.249'}
{'loss': '0.5555', 'grad_norm': '0.8672', 'learning_rate': '0.0001306', 'epoch': '1.258'}
{'loss': '0.5526', 'grad_norm': '0.9776', 'learning_rate': '0.0001298', 'epoch': '1.266'}
{'loss': '0.5329', 'grad_norm': '1.149', 'learning_rate': '0.0001289', 'epoch': '1.275'}
{'loss': '0.5626', 'grad_norm': '0.9763', 'learning_rate': '0.000128', 'epoch': '1.283'}
{'loss': '0.5547', 'grad_norm': '0.8498', 'learning_rate': '0.0001271', 'epoch': '1.292'}
{'loss': '0.5439', 'grad_norm': '1.021', 'learning_rate': '0.0001262', 'epoch': '1.3'}
{'loss': '0.5495', 'grad_norm': '1.018', 'learning_rate': '0.0001254', 'epoch': '1.309'}
{'loss': '0.5223', 'grad_norm': '0.9094', 'learning_rate': '0.0001245', 'epoch': '1.317'}
{'loss': '0.5636', 'grad_norm': '0.9238', 'learning_rate': '0.0001236', 'epoch': '1.326'}
{'loss': '0.5639', 'grad_norm': '1.016', 'learning_rate': '0.0001227', 'epoch': '1.334'}
{'loss': '0.5531', 'grad_norm': '0.9299', 'learning_rate': '0.0001218', 'epoch': '1.343'}
{'loss': '0.5868', 'grad_norm': '1.011', 'learning_rate': '0.0001209', 'epoch': '1.351'}
{'loss': '0.5529', 'grad_norm': '1.042', 'learning_rate': '0.00012', 'epoch': '1.36'}
{'loss': '0.5479', 'grad_norm': '0.9307', 'learning_rate': '0.0001191', 'epoch': '1.368'}
{'loss': '0.5382', 'grad_norm': '0.9622', 'learning_rate': '0.0001182', 'epoch': '1.377'}
{'loss': '0.5504', 'grad_norm': '0.885', 'learning_rate': '0.0001173', 'epoch': '1.385'}
{'loss': '0.5538', 'grad_norm': '0.9376', 'learning_rate': '0.0001164', 'epoch': '1.394'}
{'loss': '0.5634', 'grad_norm': '0.9369', 'learning_rate': '0.0001155', 'epoch': '1.402'}
{'loss': '0.5494', 'grad_norm': '1.113', 'learning_rate': '0.0001146', 'epoch': '1.411'}
{'loss': '0.5429', 'grad_norm': '1.002', 'learning_rate': '0.0001137', 'epoch': '1.419'}
{'loss': '0.5326', 'grad_norm': '0.9803', 'learning_rate': '0.0001128', 'epoch': '1.428'}
{'loss': '0.5607', 'grad_norm': '0.9019', 'learning_rate': '0.0001119', 'epoch': '1.436'}
{'loss': '0.5306', 'grad_norm': '0.9878', 'learning_rate': '0.0001109', 'epoch': '1.445'}
{'loss': '0.5591', 'grad_norm': '0.9533', 'learning_rate': '0.00011', 'epoch': '1.453'}
{'loss': '0.5448', 'grad_norm': '1.033', 'learning_rate': '0.0001091', 'epoch': '1.462'}
{'loss': '0.5379', 'grad_norm': '0.9812', 'learning_rate': '0.0001082', 'epoch': '1.47'}
{'loss': '0.5661', 'grad_norm': '1.028', 'learning_rate': '0.0001073', 'epoch': '1.479'}
{'loss': '0.5691', 'grad_norm': '0.9876', 'learning_rate': '0.0001064', 'epoch': '1.487'}
{'loss': '0.5332', 'grad_norm': '0.987', 'learning_rate': '0.0001055', 'epoch': '1.496'}
{'loss': '0.5094', 'grad_norm': '0.9622', 'learning_rate': '0.0001045', 'epoch': '1.504'}
{'loss': '0.5569', 'grad_norm': '0.973', 'learning_rate': '0.0001036', 'epoch': '1.513'}
{'loss': '0.5479', 'grad_norm': '0.97', 'learning_rate': '0.0001027', 'epoch': '1.521'}
{'loss': '0.5393', 'grad_norm': '0.9452', 'learning_rate': '0.0001018', 'epoch': '1.53'}
{'loss': '0.5416', 'grad_norm': '1.025', 'learning_rate': '0.0001009', 'epoch': '1.538'}
{'loss': '0.5468', 'grad_norm': '1.12', 'learning_rate': '9.995e-05', 'epoch': '1.547'}
{'loss': '0.5336', 'grad_norm': '0.933', 'learning_rate': '9.904e-05', 'epoch': '1.555'}
{'loss': '0.5424', 'grad_norm': '0.9402', 'learning_rate': '9.812e-05', 'epoch': '1.564'}
{'loss': '0.554', 'grad_norm': '1.002', 'learning_rate': '9.72e-05', 'epoch': '1.572'}
{'loss': '0.5511', 'grad_norm': '0.9723', 'learning_rate': '9.629e-05', 'epoch': '1.581'}
{'loss': '0.52', 'grad_norm': '1.041', 'learning_rate': '9.537e-05', 'epoch': '1.589'}
{'loss': '0.5352', 'grad_norm': '0.9934', 'learning_rate': '9.445e-05', 'epoch': '1.598'}
{'loss': '0.5163', 'grad_norm': '0.9257', 'learning_rate': '9.354e-05', 'epoch': '1.606'}
{'loss': '0.5231', 'grad_norm': '0.9304', 'learning_rate': '9.262e-05', 'epoch': '1.615'}
{'loss': '0.545', 'grad_norm': '0.9852', 'learning_rate': '9.171e-05', 'epoch': '1.623'}
{'loss': '0.5162', 'grad_norm': '1.023', 'learning_rate': '9.079e-05', 'epoch': '1.632'}
{'loss': '0.5254', 'grad_norm': '2.094', 'learning_rate': '8.988e-05', 'epoch': '1.64'}
{'loss': '0.5275', 'grad_norm': '1.004', 'learning_rate': '8.897e-05', 'epoch': '1.649'}
{'loss': '0.5258', 'grad_norm': '1.05', 'learning_rate': '8.806e-05', 'epoch': '1.657'}
{'loss': '0.5296', 'grad_norm': '0.9909', 'learning_rate': '8.715e-05', 'epoch': '1.666'}
{'loss': '0.5334', 'grad_norm': '0.9752', 'learning_rate': '8.624e-05', 'epoch': '1.674'}
{'loss': '0.5052', 'grad_norm': '0.941', 'learning_rate': '8.533e-05', 'epoch': '1.683'}
{'loss': '0.5495', 'grad_norm': '1.199', 'learning_rate': '8.442e-05', 'epoch': '1.691'}
{'loss': '0.5291', 'grad_norm': '1.079', 'learning_rate': '8.352e-05', 'epoch': '1.7'}
{'loss': '0.5545', 'grad_norm': '1.042', 'learning_rate': '8.262e-05', 'epoch': '1.708'}
{'loss': '0.5536', 'grad_norm': '1.016', 'learning_rate': '8.171e-05', 'epoch': '1.717'}
{'loss': '0.5165', 'grad_norm': '1.076', 'learning_rate': '8.081e-05', 'epoch': '1.725'}
{'loss': '0.5232', 'grad_norm': '1.08', 'learning_rate': '7.991e-05', 'epoch': '1.734'}
{'loss': '0.5277', 'grad_norm': '1.07', 'learning_rate': '7.901e-05', 'epoch': '1.742'}
{'loss': '0.5304', 'grad_norm': '1.056', 'learning_rate': '7.812e-05', 'epoch': '1.751'}
{'loss': '0.5236', 'grad_norm': '1.001', 'learning_rate': '7.722e-05', 'epoch': '1.759'}
{'loss': '0.5237', 'grad_norm': '1.009', 'learning_rate': '7.633e-05', 'epoch': '1.768'}
{'loss': '0.5331', 'grad_norm': '0.9734', 'learning_rate': '7.544e-05', 'epoch': '1.776'}
{'loss': '0.5408', 'grad_norm': '1.025', 'learning_rate': '7.455e-05', 'epoch': '1.785'}
{'loss': '0.5402', 'grad_norm': '1.093', 'learning_rate': '7.367e-05', 'epoch': '1.793'}
{'loss': '0.5237', 'grad_norm': '0.9864', 'learning_rate': '7.278e-05', 'epoch': '1.802'}
{'loss': '0.5258', 'grad_norm': '1.057', 'learning_rate': '7.19e-05', 'epoch': '1.81'}
{'loss': '0.5304', 'grad_norm': '1.093', 'learning_rate': '7.102e-05', 'epoch': '1.819'}
{'loss': '0.5329', 'grad_norm': '1.06', 'learning_rate': '7.015e-05', 'epoch': '1.827'}
{'loss': '0.5234', 'grad_norm': '1.044', 'learning_rate': '6.927e-05', 'epoch': '1.836'}
{'loss': '0.5086', 'grad_norm': '0.9741', 'learning_rate': '6.84e-05', 'epoch': '1.844'}
{'loss': '0.4822', 'grad_norm': '0.9694', 'learning_rate': '6.753e-05', 'epoch': '1.853'}
{'loss': '0.501', 'grad_norm': '0.9723', 'learning_rate': '6.667e-05', 'epoch': '1.861'}
{'loss': '0.5248', 'grad_norm': '1.037', 'learning_rate': '6.58e-05', 'epoch': '1.87'}
{'loss': '0.5147', 'grad_norm': '1.045', 'learning_rate': '6.494e-05', 'epoch': '1.878'}
{'loss': '0.5361', 'grad_norm': '1.083', 'learning_rate': '6.408e-05', 'epoch': '1.887'}
{'loss': '0.5092', 'grad_norm': '0.9395', 'learning_rate': '6.323e-05', 'epoch': '1.895'}
{'loss': '0.5357', 'grad_norm': '1.033', 'learning_rate': '6.238e-05', 'epoch': '1.904'}
{'loss': '0.5228', 'grad_norm': '0.8934', 'learning_rate': '6.153e-05', 'epoch': '1.912'}
{'loss': '0.5263', 'grad_norm': '0.9415', 'learning_rate': '6.069e-05', 'epoch': '1.921'}
{'loss': '0.5393', 'grad_norm': '1.091', 'learning_rate': '5.984e-05', 'epoch': '1.929'}
{'loss': '0.5406', 'grad_norm': '1.004', 'learning_rate': '5.901e-05', 'epoch': '1.938'}
{'loss': '0.5102', 'grad_norm': '1.08', 'learning_rate': '5.817e-05', 'epoch': '1.946'}
{'loss': '0.5012', 'grad_norm': '1.031', 'learning_rate': '5.734e-05', 'epoch': '1.955'}
{'loss': '0.5256', 'grad_norm': '1.128', 'learning_rate': '5.651e-05', 'epoch': '1.963'}
{'loss': '0.5139', 'grad_norm': '0.9813', 'learning_rate': '5.569e-05', 'epoch': '1.972'}
{'loss': '0.5184', 'grad_norm': '1.121', 'learning_rate': '5.487e-05', 'epoch': '1.98'}
{'loss': '0.5298', 'grad_norm': '0.9885', 'learning_rate': '5.405e-05', 'epoch': '1.989'}
{'loss': '0.5061', 'grad_norm': '1.038', 'learning_rate': '5.324e-05', 'epoch': '1.997'}
[A
                                                   [A
{'eval_loss': '0.6962', 'eval_runtime': '518.3', 'eval_samples_per_second': '5.031', 'eval_steps_per_second': '5.031', 'epoch': '2'}
{'loss': '0.4174', 'grad_norm': '0.7482', 'learning_rate': '5.243e-05', 'epoch': '2.005'}
{'loss': '0.3116', 'grad_norm': '0.8222', 'learning_rate': '5.162e-05', 'epoch': '2.014'}
{'loss': '0.3121', 'grad_norm': '1.034', 'learning_rate': '5.082e-05', 'epoch': '2.022'}
{'loss': '0.3044', 'grad_norm': '1.127', 'learning_rate': '5.003e-05', 'epoch': '2.031'}
{'loss': '0.2918', 'grad_norm': '0.985', 'learning_rate': '4.923e-05', 'epoch': '2.039'}
{'loss': '0.2835', 'grad_norm': '0.96', 'learning_rate': '4.845e-05', 'epoch': '2.048'}
{'loss': '0.2968', 'grad_norm': '1.003', 'learning_rate': '4.766e-05', 'epoch': '2.056'}
{'loss': '0.3048', 'grad_norm': '1.017', 'learning_rate': '4.688e-05', 'epoch': '2.065'}
{'loss': '0.3219', 'grad_norm': '1.006', 'learning_rate': '4.611e-05', 'epoch': '2.073'}
{'loss': '0.2912', 'grad_norm': '1.096', 'learning_rate': '4.534e-05', 'epoch': '2.082'}
{'loss': '0.2864', 'grad_norm': '1.095', 'learning_rate': '4.457e-05', 'epoch': '2.09'}
{'loss': '0.2993', 'grad_norm': '1.06', 'learning_rate': '4.381e-05', 'epoch': '2.099'}
{'loss': '0.278', 'grad_norm': '1.096', 'learning_rate': '4.305e-05', 'epoch': '2.107'}
{'loss': '0.2978', 'grad_norm': '1.201', 'learning_rate': '4.23e-05', 'epoch': '2.116'}
{'loss': '0.2996', 'grad_norm': '1.086', 'learning_rate': '4.156e-05', 'epoch': '2.124'}
{'loss': '0.3001', 'grad_norm': '1.034', 'learning_rate': '4.081e-05', 'epoch': '2.133'}
{'loss': '0.3024', 'grad_norm': '1.121', 'learning_rate': '4.008e-05', 'epoch': '2.141'}
{'loss': '0.3177', 'grad_norm': '1.062', 'learning_rate': '3.935e-05', 'epoch': '2.15'}
{'loss': '0.2931', 'grad_norm': '1.15', 'learning_rate': '3.862e-05', 'epoch': '2.158'}
{'loss': '0.2958', 'grad_norm': '1.038', 'learning_rate': '3.79e-05', 'epoch': '2.167'}
{'loss': '0.3124', 'grad_norm': '1.215', 'learning_rate': '3.718e-05', 'epoch': '2.175'}
{'loss': '0.3078', 'grad_norm': '1.215', 'learning_rate': '3.647e-05', 'epoch': '2.184'}
{'loss': '0.3093', 'grad_norm': '1.145', 'learning_rate': '3.576e-05', 'epoch': '2.192'}
{'loss': '0.2931', 'grad_norm': '1.09', 'learning_rate': '3.506e-05', 'epoch': '2.201'}
{'loss': '0.2804', 'grad_norm': '1.077', 'learning_rate': '3.437e-05', 'epoch': '2.209'}
{'loss': '0.2769', 'grad_norm': '1.101', 'learning_rate': '3.368e-05', 'epoch': '2.218'}
{'loss': '0.3003', 'grad_norm': '1.172', 'learning_rate': '3.3e-05', 'epoch': '2.226'}
{'loss': '0.3005', 'grad_norm': '1.036', 'learning_rate': '3.232e-05', 'epoch': '2.235'}
{'loss': '0.3017', 'grad_norm': '0.9968', 'learning_rate': '3.165e-05', 'epoch': '2.243'}
{'loss': '0.2879', 'grad_norm': '1.106', 'learning_rate': '3.098e-05', 'epoch': '2.252'}
{'loss': '0.2972', 'grad_norm': '1.189', 'learning_rate': '3.032e-05', 'epoch': '2.26'}
{'loss': '0.2964', 'grad_norm': '1.228', 'learning_rate': '2.966e-05', 'epoch': '2.269'}
{'loss': '0.299', 'grad_norm': '1.202', 'learning_rate': '2.901e-05', 'epoch': '2.277'}
{'loss': '0.2777', 'grad_norm': '1.122', 'learning_rate': '2.837e-05', 'epoch': '2.286'}
{'loss': '0.3063', 'grad_norm': '1.021', 'learning_rate': '2.773e-05', 'epoch': '2.294'}
{'loss': '0.301', 'grad_norm': '1.119', 'learning_rate': '2.71e-05', 'epoch': '2.303'}
{'loss': '0.2839', 'grad_norm': '0.9802', 'learning_rate': '2.648e-05', 'epoch': '2.311'}
{'loss': '0.2996', 'grad_norm': '1.107', 'learning_rate': '2.586e-05', 'epoch': '2.32'}
{'loss': '0.2862', 'grad_norm': '1.279', 'learning_rate': '2.525e-05', 'epoch': '2.328'}
{'loss': '0.2994', 'grad_norm': '1.201', 'learning_rate': '2.464e-05', 'epoch': '2.337'}
{'loss': '0.2801', 'grad_norm': '1.199', 'learning_rate': '2.404e-05', 'epoch': '2.345'}
{'loss': '0.2856', 'grad_norm': '1.052', 'learning_rate': '2.345e-05', 'epoch': '2.354'}
{'loss': '0.2807', 'grad_norm': '1.07', 'learning_rate': '2.286e-05', 'epoch': '2.362'}
{'loss': '0.2946', 'grad_norm': '1.193', 'learning_rate': '2.228e-05', 'epoch': '2.371'}
{'loss': '0.2983', 'grad_norm': '1.078', 'learning_rate': '2.171e-05', 'epoch': '2.379'}
{'loss': '0.3019', 'grad_norm': '1.166', 'learning_rate': '2.114e-05', 'epoch': '2.388'}
{'loss': '0.289', 'grad_norm': '1.117', 'learning_rate': '2.058e-05', 'epoch': '2.396'}
{'loss': '0.3011', 'grad_norm': '1.049', 'learning_rate': '2.002e-05', 'epoch': '2.405'}
{'loss': '0.2864', 'grad_norm': '0.9855', 'learning_rate': '1.948e-05', 'epoch': '2.413'}
{'loss': '0.2866', 'grad_norm': '1.084', 'learning_rate': '1.894e-05', 'epoch': '2.422'}
{'loss': '0.2813', 'grad_norm': '1.137', 'learning_rate': '1.84e-05', 'epoch': '2.43'}
{'loss': '0.2985', 'grad_norm': '1.12', 'learning_rate': '1.788e-05', 'epoch': '2.439'}
{'loss': '0.2873', 'grad_norm': '1.144', 'learning_rate': '1.736e-05', 'epoch': '2.447'}
{'loss': '0.2895', 'grad_norm': '0.9542', 'learning_rate': '1.684e-05', 'epoch': '2.456'}
{'loss': '0.2805', 'grad_norm': '1.272', 'learning_rate': '1.634e-05', 'epoch': '2.464'}
{'loss': '0.2932', 'grad_norm': '1.142', 'learning_rate': '1.584e-05', 'epoch': '2.473'}
{'loss': '0.2869', 'grad_norm': '1.247', 'learning_rate': '1.535e-05', 'epoch': '2.481'}
{'loss': '0.2831', 'grad_norm': '1.136', 'learning_rate': '1.486e-05', 'epoch': '2.49'}
{'loss': '0.2982', 'grad_norm': '0.9879', 'learning_rate': '1.438e-05', 'epoch': '2.498'}
{'loss': '0.2897', 'grad_norm': '1.184', 'learning_rate': '1.391e-05', 'epoch': '2.507'}
{'loss': '0.2943', 'grad_norm': '1.144', 'learning_rate': '1.345e-05', 'epoch': '2.515'}
{'loss': '0.2959', 'grad_norm': '1.141', 'learning_rate': '1.3e-05', 'epoch': '2.524'}
{'loss': '0.2744', 'grad_norm': '1.118', 'learning_rate': '1.255e-05', 'epoch': '2.532'}
{'loss': '0.2962', 'grad_norm': '1.238', 'learning_rate': '1.211e-05', 'epoch': '2.541'}
{'loss': '0.2901', 'grad_norm': '1.219', 'learning_rate': '1.167e-05', 'epoch': '2.549'}
{'loss': '0.2774', 'grad_norm': '1.02', 'learning_rate': '1.125e-05', 'epoch': '2.558'}
{'loss': '0.281', 'grad_norm': '1.155', 'learning_rate': '1.083e-05', 'epoch': '2.566'}
{'loss': '0.2814', 'grad_norm': '1.293', 'learning_rate': '1.042e-05', 'epoch': '2.575'}
{'loss': '0.2907', 'grad_norm': '1.085', 'learning_rate': '1.001e-05', 'epoch': '2.583'}
{'loss': '0.2912', 'grad_norm': '1.206', 'learning_rate': '9.615e-06', 'epoch': '2.592'}
{'loss': '0.2894', 'grad_norm': '1.098', 'learning_rate': '9.227e-06', 'epoch': '2.6'}
{'loss': '0.2866', 'grad_norm': '1.057', 'learning_rate': '8.846e-06', 'epoch': '2.609'}
{'loss': '0.2783', 'grad_norm': '1.28', 'learning_rate': '8.472e-06', 'epoch': '2.617'}
{'loss': '0.2635', 'grad_norm': '1.03', 'learning_rate': '8.107e-06', 'epoch': '2.626'}
{'loss': '0.2823', 'grad_norm': '1.219', 'learning_rate': '7.749e-06', 'epoch': '2.634'}
{'loss': '0.2782', 'grad_norm': '1.246', 'learning_rate': '7.399e-06', 'epoch': '2.643'}
{'loss': '0.2951', 'grad_norm': '1.267', 'learning_rate': '7.056e-06', 'epoch': '2.651'}
{'loss': '0.2853', 'grad_norm': '1.222', 'learning_rate': '6.722e-06', 'epoch': '2.66'}
{'loss': '0.2816', 'grad_norm': '1.153', 'learning_rate': '6.395e-06', 'epoch': '2.668'}
{'loss': '0.264', 'grad_norm': '1.336', 'learning_rate': '6.076e-06', 'epoch': '2.677'}
{'loss': '0.2953', 'grad_norm': '1.23', 'learning_rate': '5.765e-06', 'epoch': '2.685'}
{'loss': '0.2826', 'grad_norm': '1.087', 'learning_rate': '5.462e-06', 'epoch': '2.694'}
{'loss': '0.285', 'grad_norm': '1.075', 'learning_rate': '5.167e-06', 'epoch': '2.702'}
{'loss': '0.2911', 'grad_norm': '1.264', 'learning_rate': '4.88e-06', 'epoch': '2.711'}
{'loss': '0.2693', 'grad_norm': '1.176', 'learning_rate': '4.601e-06', 'epoch': '2.719'}
{'loss': '0.2896', 'grad_norm': '1.171', 'learning_rate': '4.33e-06', 'epoch': '2.728'}
{'loss': '0.2811', 'grad_norm': '1.199', 'learning_rate': '4.067e-06', 'epoch': '2.736'}
{'loss': '0.2875', 'grad_norm': '1.167', 'learning_rate': '3.812e-06', 'epoch': '2.745'}
{'loss': '0.2749', 'grad_norm': '1.125', 'learning_rate': '3.565e-06', 'epoch': '2.753'}
{'loss': '0.2757', 'grad_norm': '1.127', 'learning_rate': '3.327e-06', 'epoch': '2.762'}
{'loss': '0.2883', 'grad_norm': '1.02', 'learning_rate': '3.096e-06', 'epoch': '2.77'}
{'loss': '0.2861', 'grad_norm': '1.117', 'learning_rate': '2.874e-06', 'epoch': '2.779'}
{'loss': '0.2741', 'grad_norm': '1.225', 'learning_rate': '2.66e-06', 'epoch': '2.787'}
{'loss': '0.2986', 'grad_norm': '1.203', 'learning_rate': '2.454e-06', 'epoch': '2.796'}
{'loss': '0.2989', 'grad_norm': '1.229', 'learning_rate': '2.256e-06', 'epoch': '2.804'}
{'loss': '0.2946', 'grad_norm': '1.135', 'learning_rate': '2.066e-06', 'epoch': '2.813'}
{'loss': '0.2716', 'grad_norm': '1.179', 'learning_rate': '1.885e-06', 'epoch': '2.821'}
{'loss': '0.2855', 'grad_norm': '1.135', 'learning_rate': '1.712e-06', 'epoch': '2.83'}
{'loss': '0.2716', 'grad_norm': '1.269', 'learning_rate': '1.547e-06', 'epoch': '2.838'}
{'loss': '0.2897', 'grad_norm': '1.087', 'learning_rate': '1.39e-06', 'epoch': '2.847'}
{'loss': '0.2856', 'grad_norm': '1.081', 'learning_rate': '1.242e-06', 'epoch': '2.855'}
{'loss': '0.2713', 'grad_norm': '0.983', 'learning_rate': '1.102e-06', 'epoch': '2.864'}
{'loss': '0.2873', 'grad_norm': '1.202', 'learning_rate': '9.704e-07', 'epoch': '2.872'}
{'loss': '0.2739', 'grad_norm': '1.126', 'learning_rate': '8.471e-07', 'epoch': '2.881'}
{'loss': '0.2774', 'grad_norm': '1.16', 'learning_rate': '7.321e-07', 'epoch': '2.889'}
{'loss': '0.2868', 'grad_norm': '1.081', 'learning_rate': '6.255e-07', 'epoch': '2.898'}
{'loss': '0.2866', 'grad_norm': '0.9977', 'learning_rate': '5.272e-07', 'epoch': '2.906'}
{'loss': '0.2686', 'grad_norm': '1.111', 'learning_rate': '4.374e-07', 'epoch': '2.915'}
{'loss': '0.2767', 'grad_norm': '1.048', 'learning_rate': '3.558e-07', 'epoch': '2.923'}
{'loss': '0.2727', 'grad_norm': '1.08', 'learning_rate': '2.827e-07', 'epoch': '2.932'}
{'loss': '0.2788', 'grad_norm': '1.078', 'learning_rate': '2.18e-07', 'epoch': '2.94'}
{'loss': '0.2943', 'grad_norm': '1.101', 'learning_rate': '1.617e-07', 'epoch': '2.949'}
{'loss': '0.2819', 'grad_norm': '1.018', 'learning_rate': '1.137e-07', 'epoch': '2.957'}
{'loss': '0.2874', 'grad_norm': '1.267', 'learning_rate': '7.42e-08', 'epoch': '2.966'}
{'loss': '0.2921', 'grad_norm': '1.161', 'learning_rate': '4.307e-08', 'epoch': '2.974'}
{'loss': '0.3015', 'grad_norm': '1.103', 'learning_rate': '2.036e-08', 'epoch': '2.983'}
{'loss': '0.2737', 'grad_norm': '1.04', 'learning_rate': '6.058e-09', 'epoch': '2.991'}
{'loss': '0.2757', 'grad_norm': '1.124', 'learning_rate': '1.683e-10', 'epoch': '3'}
[A
                                                   [A
{'eval_loss': '0.8279', 'eval_runtime': '519.7', 'eval_samples_per_second': '5.019', 'eval_steps_per_second': '5.019', 'epoch': '3'}
{'train_runtime': '3.72e+04', 'train_samples_per_second': '1.518', 'train_steps_per_second': '0.095', 'train_loss': '0.5367', 'epoch': '3'}
adapter saved to runs/scale_qwen2.5_3B/adapter_wo_thoughts
=== 3B wo_thoughts done Tuesday 06 October 2026 08:09:42 AM IST
=== local analyses start Tuesday 06 October 2026 08:09:42 AM IST
  3B with_thoughts rank 1: val loss 0.9151
  3B with_thoughts rank 2: val loss 0.8230
  3B with_thoughts rank 4: val loss 0.7552
  3B with_thoughts rank 8: val loss 0.7101
  3B with_thoughts rank 16: val loss 0.6926
  3B with_thoughts rank 32: val loss 0.6943
  3B wo_thoughts rank 1: val loss 0.9384
  3B wo_thoughts rank 2: val loss 0.8218
  3B wo_thoughts rank 4: val loss 0.7685
  3B wo_thoughts rank 8: val loss 0.7266
  3B wo_thoughts rank 16: val loss 0.7170
  3B wo_thoughts rank 32: val loss 0.7270
wrote runs/scaling/extra/lora_geometry/report.md
wrote runs/scaling/extra/lora_geometry/report.md
2608 paired val turns
  3B with_thoughts: 250/2608
  3B with_thoughts: 500/2608
  3B with_thoughts: 750/2608
  3B with_thoughts: 1000/2608
  3B with_thoughts: 1250/2608
  3B with_thoughts: 1500/2608
  3B with_thoughts: 1750/2608
  3B with_thoughts: 2000/2608
  3B with_thoughts: 2250/2608
  3B with_thoughts: 2500/2608
  3B wo_thoughts: 250/2608
  3B wo_thoughts: 500/2608
  3B wo_thoughts: 750/2608
  3B wo_thoughts: 1000/2608
  3B wo_thoughts: 1250/2608
  3B wo_thoughts: 1500/2608
  3B wo_thoughts: 1750/2608
  3B wo_thoughts: 2000/2608
  3B wo_thoughts: 2250/2608
  3B wo_thoughts: 2500/2608
wrote runs/scaling/extra/pvi/report.md
wrote runs/scaling/extra/scaling/report.md
=== local analyses done Tuesday 06 October 2026 08:47:40 AM IST
